INFO Draco mesh compression is available, use library at /workspace/shared/blender-tools/blender-4.5.14-linux-x64/4.5/scripts/addons_core/io_scene_gltf2/libextern_draco.so
07:19:50 | INFO: Starting glTF 2.0 export
07:19:50 | INFO: Extracting primitive: camera_aperture
07:19:50 | INFO: Primitives created: 1
07:19:50 | INFO: Extracting primitive: camera_lens
07:19:50 | INFO: Primitives created: 1
07:19:50 | INFO: Extracting primitive: chassis
07:19:50 | INFO: Primitives created: 1
07:19:50 | INFO: Extracting primitive: display_bezel
07:19:50 | INFO: Primitives created: 1
07:19:50 | INFO: Extracting primitive: power_key
07:19:50 | INFO: Primitives created: 1
07:19:50 | INFO: Extracting primitive: rear_camera
07:19:50 | INFO: Primitives created: 1
07:19:50 | INFO: Extracting primitive: rear_lens
07:19:50 | INFO: Primitives created: 1
07:19:50 | INFO: Extracting primitive: screen
07:19:50 | INFO: Primitives created: 1
07:19:50 | INFO: Extracting primitive: volume_down
07:19:50 | INFO: Primitives created: 1
07:19:50 | INFO: Extracting primitive: volume_up
07:19:50 | INFO: Primitives created: 1
07:19:50 | INFO: Finished glTF 2.0 export in 0.024698734283447266 s
Blender 4.5.14 LTS (hash 62c1db4208e8 built 2026-09-15 01:31:19)
Fra:1 Mem:11.97M (Peak 11.97M) | Time:00:00.00 | Mem:0.00M, Peak:0.00M | Scene, ViewLayer | Synchronizing object | chassis
Fra:1 Mem:11.97M (Peak 11.97M) | Time:00:00.00 | Mem:0.00M, Peak:0.00M | Scene, ViewLayer | Synchronizing object | power_key
Fra:1 Mem:11.98M (Peak 11.98M) | Time:00:00.00 | Mem:0.00M, Peak:0.00M | Scene, ViewLayer | Synchronizing object | volume_down
Fra:1 Mem:11.99M (Peak 11.99M) | Time:00:00.00 | Mem:0.00M, Peak:0.00M | Scene, ViewLayer | Synchronizing object | rim
Fra:1 Mem:12.01M (Peak 12.01M) | Time:00:00.00 | Mem:0.00M, Peak:0.00M | Scene, ViewLayer | Synchronizing object | fill
Fra:1 Mem:12.01M (Peak 12.01M) | Time:00:00.00 | Mem:0.00M, Peak:0.00M | Scene, ViewLayer | Synchronizing object | rear_camera
Fra:1 Mem:12.02M (Peak 12.02M) | Time:00:00.00 | Mem:0.00M, Peak:0.00M | Scene, ViewLayer | Synchronizing object | rear_lens
Fra:1 Mem:12.10M (Peak 12.10M) | Time:00:00.00 | Mem:0.00M, Peak:0.00M | Scene, ViewLayer | Initializing
Fra:1 Mem:11.49M (Peak 12.10M) | Time:00:00.00 | Mem:0.00M, Peak:0.00M | Scene, ViewLayer | Waiting for render to start
Fra:1 Mem:11.49M (Peak 12.10M) | Time:00:00.00 | Mem:0.00M, Peak:0.00M | Scene, ViewLayer | Updating Scene
Fra:1 Mem:11.49M (Peak 12.10M) | Time:00:00.00 | Mem:0.00M, Peak:0.00M | Scene, ViewLayer | Updating Shaders
Fra:1 Mem:11.50M (Peak 12.10M) | Time:00:00.00 | Mem:0.00M, Peak:0.00M | Scene, ViewLayer | Loading render kernels (may take a few minutes the first time)
Fra:1 Mem:11.58M (Peak 12.10M) | Time:00:00.00 | Mem:0.00M, Peak:0.00M | Scene, ViewLayer | Updating Procedurals
Fra:1 Mem:11.58M (Peak 12.10M) | Time:00:00.00 | Mem:0.00M, Peak:0.00M | Scene, ViewLayer | Updating Background
Fra:1 Mem:11.58M (Peak 12.10M) | Time:00:00.00 | Mem:0.00M, Peak:0.00M | Scene, ViewLayer | Updating Camera
Fra:1 Mem:11.58M (Peak 12.10M) | Time:00:00.00 | Mem:0.00M, Peak:0.00M | Scene, ViewLayer | Updating Meshes Flags
Fra:1 Mem:11.58M (Peak 12.10M) | Time:00:00.00 | Mem:0.00M, Peak:0.00M | Scene, ViewLayer | Updating Objects
Fra:1 Mem:11.58M (Peak 12.10M) | Time:00:00.00 | Mem:0.00M, Peak:0.00M | Scene, ViewLayer | Updating Objects | Copying Transformations to device
Fra:1 Mem:11.58M (Peak 12.10M) | Time:00:00.00 | Mem:0.01M, Peak:0.01M | Scene, ViewLayer | Updating Particle Systems
Fra:1 Mem:11.58M (Peak 12.10M) | Time:00:00.00 | Mem:0.01M, Peak:0.01M | Scene, ViewLayer | Updating Particle Systems | Copying Particles to device
Fra:1 Mem:11.58M (Peak 12.10M) | Time:00:00.00 | Mem:0.01M, Peak:0.01M | Scene, ViewLayer | Updating Meshes
Fra:1 Mem:11.58M (Peak 12.10M) | Time:00:00.00 | Mem:0.01M, Peak:0.01M | Scene, ViewLayer | Updating Objects | Applying Static Transformations
Fra:1 Mem:11.58M (Peak 12.10M) | Time:00:00.00 | Mem:0.01M, Peak:0.01M | Scene, ViewLayer | Updating Mesh | Computing attributes
Fra:1 Mem:11.60M (Peak 12.10M) | Time:00:00.00 | Mem:0.01M, Peak:0.01M | Scene, ViewLayer | Updating Mesh | Copying Attributes to device
Fra:1 Mem:11.60M (Peak 12.10M) | Time:00:00.00 | Mem:0.03M, Peak:0.03M | Scene, ViewLayer | Updating Scene BVH | Building
Fra:1 Mem:11.60M (Peak 12.10M) | Time:00:00.00 | Mem:0.03M, Peak:0.03M | Scene, ViewLayer | Updating Scene BVH | Building BVH
Fra:1 Mem:11.60M (Peak 12.10M) | Time:00:00.00 | Mem:0.12M, Peak:0.12M | Scene, ViewLayer | Updating Scene BVH | Building BVH 0%
Fra:1 Mem:11.60M (Peak 12.10M) | Time:00:00.00 | Mem:0.25M, Peak:0.35M | Scene, ViewLayer | Updating Scene BVH | Copying BVH to device
Fra:1 Mem:11.60M (Peak 12.10M) | Time:00:00.00 | Mem:0.25M, Peak:0.35M | Scene, ViewLayer | Updating Mesh | Computing normals
Fra:1 Mem:11.69M (Peak 12.10M) | Time:00:00.00 | Mem:0.25M, Peak:0.35M | Scene, ViewLayer | Updating Mesh | Copying Mesh to device
Fra:1 Mem:11.69M (Peak 12.10M) | Time:00:00.00 | Mem:0.34M, Peak:0.35M | Scene, ViewLayer | Updating Objects Flags
Fra:1 Mem:11.69M (Peak 12.10M) | Time:00:00.00 | Mem:0.34M, Peak:0.35M | Scene, ViewLayer | Updating Primitive Offsets
Fra:1 Mem:11.69M (Peak 12.10M) | Time:00:00.00 | Mem:0.34M, Peak:0.35M | Scene, ViewLayer | Updating Images
Fra:1 Mem:11.69M (Peak 12.10M) | Time:00:00.00 | Mem:0.34M, Peak:0.35M | Scene, ViewLayer | Updating Camera Volume
Fra:1 Mem:11.69M (Peak 12.10M) | Time:00:00.00 | Mem:0.34M, Peak:0.35M | Scene, ViewLayer | Updating Lookup Tables
Fra:1 Mem:11.69M (Peak 12.10M) | Time:00:00.00 | Mem:0.42M, Peak:0.42M | Scene, ViewLayer | Updating Lights
Fra:1 Mem:11.69M (Peak 12.10M) | Time:00:00.00 | Mem:0.42M, Peak:0.42M | Scene, ViewLayer | Updating Lights | Computing tree
Fra:1 Mem:11.69M (Peak 12.10M) | Time:00:00.00 | Mem:0.42M, Peak:0.42M | Scene, ViewLayer | Updating Integrator
Fra:1 Mem:11.69M (Peak 12.10M) | Time:00:00.00 | Mem:0.42M, Peak:0.42M | Scene, ViewLayer | Updating Film
Fra:1 Mem:11.69M (Peak 12.10M) | Time:00:00.00 | Mem:0.34M, Peak:0.42M | Scene, ViewLayer | Updating Lookup Tables
Fra:1 Mem:11.69M (Peak 12.10M) | Time:00:00.00 | Mem:0.43M, Peak:0.43M | Scene, ViewLayer | Updating Baking
Fra:1 Mem:11.69M (Peak 12.10M) | Time:00:00.00 | Mem:0.43M, Peak:0.43M | Scene, ViewLayer | Updating Device | Writing constant memory
Fra:1 Mem:11.70M (Peak 12.10M) | Time:00:00.00 | Mem:0.43M, Peak:0.43M | Scene, ViewLayer | Sample 0/24
Fra:1 Mem:20.85M (Peak 20.85M) | Time:00:00.04 | Remaining:00:00.78 | Mem:9.43M, Peak:9.43M | Scene, ViewLayer | Sample 1/24
Fra:1 Mem:24.86M (Peak 32.86M) | Time:00:00.90 | Mem:9.43M, Peak:9.43M | Scene, ViewLayer | Sample 24/24
Fra:1 Mem:24.86M (Peak 32.86M) | Time:00:00.90 | Mem:9.43M, Peak:9.43M | Scene, ViewLayer | Finished
Saved: '/workspace/shared/blender-asset-suite/blender-assets/T1-device-mockups/previews/phone/front.png'
Time: 00:00.94 (Saving: 00:00.04)

Fra:1 Mem:11.97M (Peak 11.97M) | Time:00:00.00 | Mem:0.00M, Peak:0.00M | Scene, ViewLayer | Synchronizing object | chassis
Fra:1 Mem:12.00M (Peak 12.00M) | Time:00:00.00 | Mem:0.00M, Peak:0.00M | Scene, ViewLayer | Synchronizing object | rim
Fra:1 Mem:12.00M (Peak 12.00M) | Time:00:00.00 | Mem:0.00M, Peak:0.00M | Scene, ViewLayer | Synchronizing object | fill
Fra:1 Mem:12.00M (Peak 12.00M) | Time:00:00.00 | Mem:0.00M, Peak:0.00M | Scene, ViewLayer | Synchronizing object | screen
Fra:1 Mem:12.00M (Peak 12.00M) | Time:00:00.00 | Mem:0.00M, Peak:0.00M | Scene, ViewLayer | Synchronizing object | key
Fra:1 Mem:12.00M (Peak 12.00M) | Time:00:00.00 | Mem:0.00M, Peak:0.00M | Scene, ViewLayer | Synchronizing object | rear_lens
Fra:1 Mem:12.00M (Peak 12.00M) | Time:00:00.00 | Mem:0.00M, Peak:0.00M | Scene, ViewLayer | Synchronizing object | volume_down
Fra:1 Mem:12.06M (Peak 12.06M) | Time:00:00.00 | Mem:0.00M, Peak:0.00M | Scene, ViewLayer | Synchronizing object | rear_camera
Fra:1 Mem:12.10M (Peak 12.10M) | Time:00:00.00 | Mem:0.00M, Peak:0.00M | Scene, ViewLayer | Initializing
Fra:1 Mem:11.50M (Peak 12.10M) | Time:00:00.00 | Mem:0.00M, Peak:0.00M | Scene, ViewLayer | Waiting for render to start
Fra:1 Mem:11.50M (Peak 12.10M) | Time:00:00.00 | Mem:0.00M, Peak:0.00M | Scene, ViewLayer | Updating Scene
Fra:1 Mem:11.50M (Peak 12.10M) | Time:00:00.00 | Mem:0.00M, Peak:0.00M | Scene, ViewLayer | Updating Shaders
Fra:1 Mem:11.50M (Peak 12.10M) | Time:00:00.00 | Mem:0.00M, Peak:0.00M | Scene, ViewLayer | Loading render kernels (may take a few minutes the first time)
Fra:1 Mem:11.58M (Peak 12.10M) | Time:00:00.00 | Mem:0.00M, Peak:0.00M | Scene, ViewLayer | Updating Procedurals
Fra:1 Mem:11.58M (Peak 12.10M) | Time:00:00.00 | Mem:0.00M, Peak:0.00M | Scene, ViewLayer | Updating Background
Fra:1 Mem:11.58M (Peak 12.10M) | Time:00:00.00 | Mem:0.00M, Peak:0.00M | Scene, ViewLayer | Updating Camera
Fra:1 Mem:11.58M (Peak 12.10M) | Time:00:00.00 | Mem:0.00M, Peak:0.00M | Scene, ViewLayer | Updating Meshes Flags
Fra:1 Mem:11.58M (Peak 12.10M) | Time:00:00.00 | Mem:0.00M, Peak:0.00M | Scene, ViewLayer | Updating Objects
Fra:1 Mem:11.58M (Peak 12.10M) | Time:00:00.00 | Mem:0.00M, Peak:0.00M | Scene, ViewLayer | Updating Objects | Copying Transformations to device
Fra:1 Mem:11.58M (Peak 12.10M) | Time:00:00.00 | Mem:0.01M, Peak:0.01M | Scene, ViewLayer | Updating Particle Systems
Fra:1 Mem:11.58M (Peak 12.10M) | Time:00:00.00 | Mem:0.01M, Peak:0.01M | Scene, ViewLayer | Updating Particle Systems | Copying Particles to device
Fra:1 Mem:11.58M (Peak 12.10M) | Time:00:00.00 | Mem:0.01M, Peak:0.01M | Scene, ViewLayer | Updating Meshes
Fra:1 Mem:11.58M (Peak 12.10M) | Time:00:00.00 | Mem:0.01M, Peak:0.01M | Scene, ViewLayer | Updating Objects | Applying Static Transformations
Fra:1 Mem:11.58M (Peak 12.10M) | Time:00:00.00 | Mem:0.01M, Peak:0.01M | Scene, ViewLayer | Updating Mesh | Computing attributes
Fra:1 Mem:11.60M (Peak 12.10M) | Time:00:00.00 | Mem:0.01M, Peak:0.01M | Scene, ViewLayer | Updating Mesh | Copying Attributes to device
Fra:1 Mem:11.60M (Peak 12.10M) | Time:00:00.00 | Mem:0.03M, Peak:0.03M | Scene, ViewLayer | Updating Scene BVH | Building
Fra:1 Mem:11.60M (Peak 12.10M) | Time:00:00.00 | Mem:0.03M, Peak:0.03M | Scene, ViewLayer | Updating Scene BVH | Building BVH
Fra:1 Mem:11.60M (Peak 12.10M) | Time:00:00.00 | Mem:0.12M, Peak:0.12M | Scene, ViewLayer | Updating Scene BVH | Building BVH 0%
Fra:1 Mem:11.60M (Peak 12.10M) | Time:00:00.00 | Mem:0.25M, Peak:0.35M | Scene, ViewLayer | Updating Scene BVH | Copying BVH to device
Fra:1 Mem:11.60M (Peak 12.10M) | Time:00:00.00 | Mem:0.25M, Peak:0.35M | Scene, ViewLayer | Updating Mesh | Computing normals
Fra:1 Mem:11.69M (Peak 12.10M) | Time:00:00.00 | Mem:0.25M, Peak:0.35M | Scene, ViewLayer | Updating Mesh | Copying Mesh to device
Fra:1 Mem:11.69M (Peak 12.10M) | Time:00:00.00 | Mem:0.34M, Peak:0.35M | Scene, ViewLayer | Updating Objects Flags
Fra:1 Mem:11.69M (Peak 12.10M) | Time:00:00.00 | Mem:0.34M, Peak:0.35M | Scene, ViewLayer | Updating Primitive Offsets
Fra:1 Mem:11.69M (Peak 12.10M) | Time:00:00.00 | Mem:0.34M, Peak:0.35M | Scene, ViewLayer | Updating Images
Fra:1 Mem:11.69M (Peak 12.10M) | Time:00:00.00 | Mem:0.34M, Peak:0.35M | Scene, ViewLayer | Updating Camera Volume
Fra:1 Mem:11.69M (Peak 12.10M) | Time:00:00.00 | Mem:0.34M, Peak:0.35M | Scene, ViewLayer | Updating Lookup Tables
Fra:1 Mem:11.69M (Peak 12.10M) | Time:00:00.00 | Mem:0.42M, Peak:0.42M | Scene, ViewLayer | Updating Lights
Fra:1 Mem:11.69M (Peak 12.10M) | Time:00:00.00 | Mem:0.42M, Peak:0.42M | Scene, ViewLayer | Updating Lights | Computing tree
Fra:1 Mem:11.69M (Peak 12.10M) | Time:00:00.00 | Mem:0.42M, Peak:0.42M | Scene, ViewLayer | Updating Integrator
Fra:1 Mem:11.69M (Peak 12.10M) | Time:00:00.00 | Mem:0.42M, Peak:0.42M | Scene, ViewLayer | Updating Film
Fra:1 Mem:11.69M (Peak 12.10M) | Time:00:00.00 | Mem:0.34M, Peak:0.42M | Scene, ViewLayer | Updating Lookup Tables
Fra:1 Mem:11.69M (Peak 12.10M) | Time:00:00.00 | Mem:0.43M, Peak:0.43M | Scene, ViewLayer | Updating Baking
Fra:1 Mem:11.69M (Peak 12.10M) | Time:00:00.00 | Mem:0.43M, Peak:0.43M | Scene, ViewLayer | Updating Device | Writing constant memory
Fra:1 Mem:11.70M (Peak 12.10M) | Time:00:00.00 | Mem:0.43M, Peak:0.43M | Scene, ViewLayer | Sample 0/24
Fra:1 Mem:20.85M (Peak 20.85M) | Time:00:00.08 | Remaining:00:01.65 | Mem:9.43M, Peak:9.43M | Scene, ViewLayer | Sample 1/24
Fra:1 Mem:24.86M (Peak 32.86M) | Time:00:00.84 | Mem:9.43M, Peak:9.43M | Scene, ViewLayer | Sample 24/24
Fra:1 Mem:24.86M (Peak 32.86M) | Time:00:00.84 | Mem:9.43M, Peak:9.43M | Scene, ViewLayer | Finished
Saved: '/workspace/shared/blender-asset-suite/blender-assets/T1-device-mockups/previews/phone/three-quarter.png'
Time: 00:00.88 (Saving: 00:00.02)

Fra:1 Mem:11.97M (Peak 11.97M) | Time:00:00.00 | Mem:0.00M, Peak:0.00M | Scene, ViewLayer | Synchronizing object | chassis
Fra:1 Mem:11.97M (Peak 11.97M) | Time:00:00.00 | Mem:0.00M, Peak:0.00M | Scene, ViewLayer | Synchronizing object | camera_aperture
Fra:1 Mem:11.97M (Peak 11.97M) | Time:00:00.00 | Mem:0.00M, Peak:0.00M | Scene, ViewLayer | Synchronizing object | camera_lens
Fra:1 Mem:12.00M (Peak 12.00M) | Time:00:00.00 | Mem:0.00M, Peak:0.00M | Scene, ViewLayer | Synchronizing object | volume_up
Fra:1 Mem:12.01M (Peak 12.01M) | Time:00:00.00 | Mem:0.00M, Peak:0.00M | Scene, ViewLayer | Synchronizing object | rim
Fra:1 Mem:12.02M (Peak 12.02M) | Time:00:00.00 | Mem:0.00M, Peak:0.00M | Scene, ViewLayer | Synchronizing object | rear_camera
Fra:1 Mem:12.02M (Peak 12.02M) | Time:00:00.00 | Mem:0.00M, Peak:0.00M | Scene, ViewLayer | Synchronizing object | key
Fra:1 Mem:12.10M (Peak 12.10M) | Time:00:00.00 | Mem:0.00M, Peak:0.00M | Scene, ViewLayer | Initializing
Fra:1 Mem:11.50M (Peak 12.10M) | Time:00:00.00 | Mem:0.00M, Peak:0.00M | Scene, ViewLayer | Waiting for render to start
Fra:1 Mem:11.50M (Peak 12.10M) | Time:00:00.00 | Mem:0.00M, Peak:0.00M | Scene, ViewLayer | Updating Scene
Fra:1 Mem:11.50M (Peak 12.10M) | Time:00:00.00 | Mem:0.00M, Peak:0.00M | Scene, ViewLayer | Updating Shaders
Fra:1 Mem:11.50M (Peak 12.10M) | Time:00:00.00 | Mem:0.00M, Peak:0.00M | Scene, ViewLayer | Loading render kernels (may take a few minutes the first time)
Fra:1 Mem:11.58M (Peak 12.10M) | Time:00:00.00 | Mem:0.00M, Peak:0.00M | Scene, ViewLayer | Updating Procedurals
Fra:1 Mem:11.58M (Peak 12.10M) | Time:00:00.00 | Mem:0.00M, Peak:0.00M | Scene, ViewLayer | Updating Background
Fra:1 Mem:11.58M (Peak 12.10M) | Time:00:00.00 | Mem:0.00M, Peak:0.00M | Scene, ViewLayer | Updating Camera
Fra:1 Mem:11.58M (Peak 12.10M) | Time:00:00.00 | Mem:0.00M, Peak:0.00M | Scene, ViewLayer | Updating Meshes Flags
Fra:1 Mem:11.58M (Peak 12.10M) | Time:00:00.00 | Mem:0.00M, Peak:0.00M | Scene, ViewLayer | Updating Objects
Fra:1 Mem:11.58M (Peak 12.10M) | Time:00:00.00 | Mem:0.00M, Peak:0.00M | Scene, ViewLayer | Updating Objects | Copying Transformations to device
Fra:1 Mem:11.58M (Peak 12.10M) | Time:00:00.00 | Mem:0.01M, Peak:0.01M | Scene, ViewLayer | Updating Particle Systems
Fra:1 Mem:11.58M (Peak 12.10M) | Time:00:00.00 | Mem:0.01M, Peak:0.01M | Scene, ViewLayer | Updating Particle Systems | Copying Particles to device
Fra:1 Mem:11.58M (Peak 12.10M) | Time:00:00.00 | Mem:0.01M, Peak:0.01M | Scene, ViewLayer | Updating Meshes
Fra:1 Mem:11.58M (Peak 12.10M) | Time:00:00.00 | Mem:0.01M, Peak:0.01M | Scene, ViewLayer | Updating Objects | Applying Static Transformations
Fra:1 Mem:11.58M (Peak 12.10M) | Time:00:00.00 | Mem:0.01M, Peak:0.01M | Scene, ViewLayer | Updating Mesh | Computing attributes
Fra:1 Mem:11.60M (Peak 12.10M) | Time:00:00.00 | Mem:0.01M, Peak:0.01M | Scene, ViewLayer | Updating Mesh | Copying Attributes to device
Fra:1 Mem:11.60M (Peak 12.10M) | Time:00:00.00 | Mem:0.03M, Peak:0.03M | Scene, ViewLayer | Updating Scene BVH | Building
Fra:1 Mem:11.60M (Peak 12.10M) | Time:00:00.00 | Mem:0.03M, Peak:0.03M | Scene, ViewLayer | Updating Scene BVH | Building BVH
Fra:1 Mem:11.60M (Peak 12.10M) | Time:00:00.00 | Mem:0.12M, Peak:0.12M | Scene, ViewLayer | Updating Scene BVH | Building BVH 0%
Fra:1 Mem:11.60M (Peak 12.10M) | Time:00:00.00 | Mem:0.25M, Peak:0.35M | Scene, ViewLayer | Updating Scene BVH | Copying BVH to device
Fra:1 Mem:11.60M (Peak 12.10M) | Time:00:00.00 | Mem:0.25M, Peak:0.35M | Scene, ViewLayer | Updating Mesh | Computing normals
Fra:1 Mem:11.69M (Peak 12.10M) | Time:00:00.00 | Mem:0.25M, Peak:0.35M | Scene, ViewLayer | Updating Mesh | Copying Mesh to device
Fra:1 Mem:11.69M (Peak 12.10M) | Time:00:00.00 | Mem:0.34M, Peak:0.35M | Scene, ViewLayer | Updating Objects Flags
Fra:1 Mem:11.69M (Peak 12.10M) | Time:00:00.00 | Mem:0.34M, Peak:0.35M | Scene, ViewLayer | Updating Primitive Offsets
Fra:1 Mem:11.69M (Peak 12.10M) | Time:00:00.00 | Mem:0.34M, Peak:0.35M | Scene, ViewLayer | Updating Images
Fra:1 Mem:11.69M (Peak 12.10M) | Time:00:00.00 | Mem:0.34M, Peak:0.35M | Scene, ViewLayer | Updating Camera Volume
Fra:1 Mem:11.69M (Peak 12.10M) | Time:00:00.00 | Mem:0.34M, Peak:0.35M | Scene, ViewLayer | Updating Lookup Tables
Fra:1 Mem:11.69M (Peak 12.10M) | Time:00:00.00 | Mem:0.42M, Peak:0.42M | Scene, ViewLayer | Updating Lights
Fra:1 Mem:11.69M (Peak 12.10M) | Time:00:00.00 | Mem:0.42M, Peak:0.42M | Scene, ViewLayer | Updating Lights | Computing tree
Fra:1 Mem:11.69M (Peak 12.10M) | Time:00:00.00 | Mem:0.42M, Peak:0.42M | Scene, ViewLayer | Updating Integrator
Fra:1 Mem:11.69M (Peak 12.10M) | Time:00:00.00 | Mem:0.42M, Peak:0.42M | Scene, ViewLayer | Updating Film
Fra:1 Mem:11.69M (Peak 12.10M) | Time:00:00.00 | Mem:0.34M, Peak:0.42M | Scene, ViewLayer | Updating Lookup Tables
Fra:1 Mem:11.69M (Peak 12.10M) | Time:00:00.00 | Mem:0.43M, Peak:0.43M | Scene, ViewLayer | Updating Baking
Fra:1 Mem:11.69M (Peak 12.10M) | Time:00:00.00 | Mem:0.43M, Peak:0.43M | Scene, ViewLayer | Updating Device | Writing constant memory
Fra:1 Mem:11.70M (Peak 12.10M) | Time:00:00.00 | Mem:0.43M, Peak:0.43M | Scene, ViewLayer | Sample 0/24
Fra:1 Mem:20.85M (Peak 20.85M) | Time:00:00.04 | Remaining:00:00.82 | Mem:9.43M, Peak:9.43M | Scene, ViewLayer | Sample 1/24
Fra:1 Mem:24.86M (Peak 32.86M) | Time:00:00.86 | Mem:9.43M, Peak:9.43M | Scene, ViewLayer | Sample 24/24
Fra:1 Mem:24.86M (Peak 32.86M) | Time:00:00.86 | Mem:9.43M, Peak:9.43M | Scene, ViewLayer | Finished
Saved: '/workspace/shared/blender-asset-suite/blender-assets/T1-device-mockups/previews/phone/back.png'
Time: 00:00.88 (Saving: 00:00.01)

Fra:1 Mem:11.97M (Peak 11.97M) | Time:00:00.00 | Mem:0.00M, Peak:0.00M | Scene, ViewLayer | Synchronizing object | chassis
Fra:1 Mem:11.98M (Peak 11.98M) | Time:00:00.00 | Mem:0.00M, Peak:0.00M | Scene, ViewLayer | Synchronizing object | rim
Fra:1 Mem:11.98M (Peak 11.98M) | Time:00:00.00 | Mem:0.00M, Peak:0.00M | Scene, ViewLayer | Synchronizing object | volume_down
Fra:1 Mem:12.05M (Peak 12.05M) | Time:00:00.00 | Mem:0.00M, Peak:0.00M | Scene, ViewLayer | Synchronizing object | rear_camera
Fra:1 Mem:12.08M (Peak 12.08M) | Time:00:00.00 | Mem:0.00M, Peak:0.00M | Scene, ViewLayer | Synchronizing object | rear_lens
Fra:1 Mem:12.08M (Peak 12.08M) | Time:00:00.00 | Mem:0.00M, Peak:0.00M | Scene, ViewLayer | Synchronizing object | key
Fra:1 Mem:12.08M (Peak 12.08M) | Time:00:00.00 | Mem:0.00M, Peak:0.00M | Scene, ViewLayer | Synchronizing object | fill
Fra:1 Mem:12.10M (Peak 12.10M) | Time:00:00.00 | Mem:0.00M, Peak:0.00M | Scene, ViewLayer | Initializing
Fra:1 Mem:11.50M (Peak 12.10M) | Time:00:00.00 | Mem:0.00M, Peak:0.00M | Scene, ViewLayer | Waiting for render to start
Fra:1 Mem:11.50M (Peak 12.10M) | Time:00:00.00 | Mem:0.00M, Peak:0.00M | Scene, ViewLayer | Updating Scene
Fra:1 Mem:11.50M (Peak 12.10M) | Time:00:00.00 | Mem:0.00M, Peak:0.00M | Scene, ViewLayer | Updating Shaders
Fra:1 Mem:11.50M (Peak 12.10M) | Time:00:00.00 | Mem:0.00M, Peak:0.00M | Scene, ViewLayer | Loading render kernels (may take a few minutes the first time)
Fra:1 Mem:11.58M (Peak 12.10M) | Time:00:00.00 | Mem:0.00M, Peak:0.00M | Scene, ViewLayer | Updating Procedurals
Fra:1 Mem:11.58M (Peak 12.10M) | Time:00:00.00 | Mem:0.00M, Peak:0.00M | Scene, ViewLayer | Updating Background
Fra:1 Mem:11.58M (Peak 12.10M) | Time:00:00.00 | Mem:0.00M, Peak:0.00M | Scene, ViewLayer | Updating Camera
Fra:1 Mem:11.58M (Peak 12.10M) | Time:00:00.00 | Mem:0.00M, Peak:0.00M | Scene, ViewLayer | Updating Meshes Flags
Fra:1 Mem:11.58M (Peak 12.10M) | Time:00:00.00 | Mem:0.00M, Peak:0.00M | Scene, ViewLayer | Updating Objects
Fra:1 Mem:11.58M (Peak 12.10M) | Time:00:00.00 | Mem:0.00M, Peak:0.00M | Scene, ViewLayer | Updating Objects | Copying Transformations to device
Fra:1 Mem:11.58M (Peak 12.10M) | Time:00:00.00 | Mem:0.01M, Peak:0.01M | Scene, ViewLayer | Updating Particle Systems
Fra:1 Mem:11.58M (Peak 12.10M) | Time:00:00.00 | Mem:0.01M, Peak:0.01M | Scene, ViewLayer | Updating Particle Systems | Copying Particles to device
Fra:1 Mem:11.58M (Peak 12.10M) | Time:00:00.00 | Mem:0.01M, Peak:0.01M | Scene, ViewLayer | Updating Meshes
Fra:1 Mem:11.58M (Peak 12.10M) | Time:00:00.00 | Mem:0.01M, Peak:0.01M | Scene, ViewLayer | Updating Objects | Applying Static Transformations
Fra:1 Mem:11.58M (Peak 12.10M) | Time:00:00.00 | Mem:0.01M, Peak:0.01M | Scene, ViewLayer | Updating Mesh | Computing attributes
Fra:1 Mem:11.60M (Peak 12.10M) | Time:00:00.00 | Mem:0.01M, Peak:0.01M | Scene, ViewLayer | Updating Mesh | Copying Attributes to device
Fra:1 Mem:11.60M (Peak 12.10M) | Time:00:00.00 | Mem:0.03M, Peak:0.03M | Scene, ViewLayer | Updating Scene BVH | Building
Fra:1 Mem:11.60M (Peak 12.10M) | Time:00:00.00 | Mem:0.03M, Peak:0.03M | Scene, ViewLayer | Updating Scene BVH | Building BVH
Fra:1 Mem:11.60M (Peak 12.10M) | Time:00:00.00 | Mem:0.12M, Peak:0.12M | Scene, ViewLayer | Updating Scene BVH | Building BVH 0%
Fra:1 Mem:11.60M (Peak 12.10M) | Time:00:00.00 | Mem:0.25M, Peak:0.35M | Scene, ViewLayer | Updating Scene BVH | Copying BVH to device
Fra:1 Mem:11.60M (Peak 12.10M) | Time:00:00.00 | Mem:0.25M, Peak:0.35M | Scene, ViewLayer | Updating Mesh | Computing normals
Fra:1 Mem:11.69M (Peak 12.10M) | Time:00:00.00 | Mem:0.25M, Peak:0.35M | Scene, ViewLayer | Updating Mesh | Copying Mesh to device
Fra:1 Mem:11.69M (Peak 12.10M) | Time:00:00.00 | Mem:0.34M, Peak:0.35M | Scene, ViewLayer | Updating Objects Flags
Fra:1 Mem:11.69M (Peak 12.10M) | Time:00:00.00 | Mem:0.34M, Peak:0.35M | Scene, ViewLayer | Updating Primitive Offsets
Fra:1 Mem:11.69M (Peak 12.10M) | Time:00:00.00 | Mem:0.34M, Peak:0.35M | Scene, ViewLayer | Updating Images
Fra:1 Mem:11.69M (Peak 12.10M) | Time:00:00.00 | Mem:0.34M, Peak:0.35M | Scene, ViewLayer | Updating Camera Volume
Fra:1 Mem:11.69M (Peak 12.10M) | Time:00:00.00 | Mem:0.34M, Peak:0.35M | Scene, ViewLayer | Updating Lookup Tables
Fra:1 Mem:11.69M (Peak 12.10M) | Time:00:00.00 | Mem:0.42M, Peak:0.42M | Scene, ViewLayer | Updating Lights
Fra:1 Mem:11.69M (Peak 12.10M) | Time:00:00.00 | Mem:0.42M, Peak:0.42M | Scene, ViewLayer | Updating Lights | Computing tree
Fra:1 Mem:11.69M (Peak 12.10M) | Time:00:00.00 | Mem:0.42M, Peak:0.42M | Scene, ViewLayer | Updating Integrator
Fra:1 Mem:11.69M (Peak 12.10M) | Time:00:00.00 | Mem:0.42M, Peak:0.42M | Scene, ViewLayer | Updating Film
Fra:1 Mem:11.69M (Peak 12.10M) | Time:00:00.00 | Mem:0.34M, Peak:0.42M | Scene, ViewLayer | Updating Lookup Tables
Fra:1 Mem:11.69M (Peak 12.10M) | Time:00:00.00 | Mem:0.43M, Peak:0.43M | Scene, ViewLayer | Updating Baking
Fra:1 Mem:11.69M (Peak 12.10M) | Time:00:00.00 | Mem:0.43M, Peak:0.43M | Scene, ViewLayer | Updating Device | Writing constant memory
Fra:1 Mem:11.70M (Peak 12.10M) | Time:00:00.00 | Mem:0.43M, Peak:0.43M | Scene, ViewLayer | Sample 0/24
Fra:1 Mem:20.85M (Peak 20.85M) | Time:00:00.01 | Remaining:00:00.27 | Mem:9.43M, Peak:9.43M | Scene, ViewLayer | Sample 1/24
Fra:1 Mem:24.86M (Peak 32.86M) | Time:00:00.29 | Mem:9.43M, Peak:9.43M | Scene, ViewLayer | Sample 24/24
Fra:1 Mem:24.86M (Peak 32.86M) | Time:00:00.29 | Mem:9.43M, Peak:9.43M | Scene, ViewLayer | Finished
Saved: '/workspace/shared/blender-asset-suite/blender-assets/T1-device-mockups/previews/phone/top.png'
Time: 00:00.31 (Saving: 00:00.01)


07:19:53 | INFO: Starting glTF 2.0 export
07:19:53 | INFO: Extracting primitive: base
07:19:53 | INFO: Primitives created: 1
07:19:53 | INFO: Extracting primitive: Cylinder
07:19:53 | INFO: Primitives created: 1
07:19:53 | INFO: Extracting primitive: Cylinder.001
07:19:53 | INFO: Primitives created: 1
07:19:53 | INFO: Extracting primitive: key_0_0
07:19:53 | INFO: Primitives created: 1
07:19:53 | INFO: Extracting primitive: key_0_1
07:19:53 | INFO: Primitives created: 1
07:19:53 | INFO: Extracting primitive: key_0_10
07:19:53 | INFO: Primitives created: 1
07:19:53 | INFO: Extracting primitive: key_0_11
07:19:53 | INFO: Primitives created: 1
07:19:53 | INFO: Extracting primitive: key_0_12
07:19:53 | INFO: Primitives created: 1
07:19:53 | INFO: Extracting primitive: key_0_13
07:19:53 | INFO: Primitives created: 1
07:19:53 | INFO: Extracting primitive: key_0_2
07:19:53 | INFO: Primitives created: 1
07:19:53 | INFO: Extracting primitive: key_0_3
07:19:53 | INFO: Primitives created: 1
07:19:53 | INFO: Extracting primitive: key_0_4
07:19:53 | INFO: Primitives created: 1
07:19:53 | INFO: Extracting primitive: key_0_5
07:19:53 | INFO: Primitives created: 1
07:19:53 | INFO: Extracting primitive: key_0_6
07:19:53 | INFO: Primitives created: 1
07:19:53 | INFO: Extracting primitive: key_0_7
07:19:53 | INFO: Primitives created: 1
07:19:53 | INFO: Extracting primitive: key_0_8
07:19:53 | INFO: Primitives created: 1
07:19:53 | INFO: Extracting primitive: key_0_9
07:19:53 | INFO: Primitives created: 1
07:19:53 | INFO: Extracting primitive: key_1_0
07:19:53 | INFO: Primitives created: 1
07:19:53 | INFO: Extracting primitive: key_1_1
07:19:53 | INFO: Primitives created: 1
07:19:53 | INFO: Extracting primitive: key_1_10
07:19:53 | INFO: Primitives created: 1
07:19:53 | INFO: Extracting primitive: key_1_11
07:19:53 | INFO: Primitives created: 1
07:19:53 | INFO: Extracting primitive: key_1_12
07:19:53 | INFO: Primitives created: 1
07:19:53 | INFO: Extracting primitive: key_1_13
07:19:53 | INFO: Primitives created: 1
07:19:53 | INFO: Extracting primitive: key_1_2
07:19:53 | INFO: Primitives created: 1
07:19:53 | INFO: Extracting primitive: key_1_3
07:19:53 | INFO: Primitives created: 1
07:19:53 | INFO: Extracting primitive: key_1_4
07:19:53 | INFO: Primitives created: 1
07:19:53 | INFO: Extracting primitive: key_1_5
07:19:53 | INFO: Primitives created: 1
07:19:53 | INFO: Extracting primitive: key_1_6
07:19:53 | INFO: Primitives created: 1
07:19:53 | INFO: Extracting primitive: key_1_7
07:19:53 | INFO: Primitives created: 1
07:19:53 | INFO: Extracting primitive: key_1_8
07:19:53 | INFO: Primitives created: 1
07:19:53 | INFO: Extracting primitive: key_1_9
07:19:53 | INFO: Primitives created: 1
07:19:53 | INFO: Extracting primitive: key_2_0
07:19:53 | INFO: Primitives created: 1
07:19:53 | INFO: Extracting primitive: key_2_1
07:19:53 | INFO: Primitives created: 1
07:19:53 | INFO: Extracting primitive: key_2_10
07:19:53 | INFO: Primitives created: 1
07:19:53 | INFO: Extracting primitive: key_2_11
07:19:53 | INFO: Primitives created: 1
07:19:53 | INFO: Extracting primitive: key_2_12
07:19:53 | INFO: Primitives created: 1
07:19:53 | INFO: Extracting primitive: key_2_13
07:19:53 | INFO: Primitives created: 1
07:19:53 | INFO: Extracting primitive: key_2_2
07:19:53 | INFO: Primitives created: 1
07:19:53 | INFO: Extracting primitive: key_2_3
07:19:53 | INFO: Primitives created: 1
07:19:54 | INFO: Extracting primitive: key_2_4
07:19:54 | INFO: Primitives created: 1
07:19:54 | INFO: Extracting primitive: key_2_5
07:19:54 | INFO: Primitives created: 1
07:19:54 | INFO: Extracting primitive: key_2_6
07:19:54 | INFO: Primitives created: 1
07:19:54 | INFO: Extracting primitive: key_2_7
07:19:54 | INFO: Primitives created: 1
07:19:54 | INFO: Extracting primitive: key_2_8
07:19:54 | INFO: Primitives created: 1
07:19:54 | INFO: Extracting primitive: key_2_9
07:19:54 | INFO: Primitives created: 1
07:19:54 | INFO: Extracting primitive: key_3_0
07:19:54 | INFO: Primitives created: 1
07:19:54 | INFO: Extracting primitive: key_3_1
07:19:54 | INFO: Primitives created: 1
07:19:54 | INFO: Extracting primitive: key_3_10
07:19:54 | INFO: Primitives created: 1
07:19:54 | INFO: Extracting primitive: key_3_11
07:19:54 | INFO: Primitives created: 1
07:19:54 | INFO: Extracting primitive: key_3_12
07:19:54 | INFO: Primitives created: 1
07:19:54 | INFO: Extracting primitive: key_3_13
07:19:54 | INFO: Primitives created: 1
07:19:54 | INFO: Extracting primitive: key_3_2
07:19:54 | INFO: Primitives created: 1
07:19:54 | INFO: Extracting primitive: key_3_3
07:19:54 | INFO: Primitives created: 1
07:19:54 | INFO: Extracting primitive: key_3_4
07:19:54 | INFO: Primitives created: 1
07:19:54 | INFO: Extracting primitive: key_3_5
07:19:54 | INFO: Primitives created: 1
07:19:54 | INFO: Extracting primitive: key_3_6
07:19:54 | INFO: Primitives created: 1
07:19:54 | INFO: Extracting primitive: key_3_7
07:19:54 | INFO: Primitives created: 1
07:19:54 | INFO: Extracting primitive: key_3_8
07:19:54 | INFO: Primitives created: 1
07:19:54 | INFO: Extracting primitive: key_3_9
07:19:54 | INFO: Primitives created: 1
07:19:54 | INFO: Extracting primitive: key_4_0
07:19:54 | INFO: Primitives created: 1
07:19:54 | INFO: Extracting primitive: key_4_1
07:19:54 | INFO: Primitives created: 1
07:19:54 | INFO: Extracting primitive: key_4_2
07:19:54 | INFO: Primitives created: 1
07:19:54 | INFO: Extracting primitive: key_4_3
07:19:54 | INFO: Primitives created: 1
07:19:54 | INFO: Extracting primitive: key_4_4
07:19:54 | INFO: Primitives created: 1
07:19:54 | INFO: Extracting primitive: key_4_5
07:19:54 | INFO: Primitives created: 1
07:19:54 | INFO: Extracting primitive: key_4_6
07:19:54 | INFO: Primitives created: 1
07:19:54 | INFO: Extracting primitive: key_4_7
07:19:54 | INFO: Primitives created: 1
07:19:54 | INFO: Extracting primitive: key_4_8
07:19:54 | INFO: Primitives created: 1
07:19:54 | INFO: Extracting primitive: key_4_9
07:19:54 | INFO: Primitives created: 1
07:19:54 | INFO: Extracting primitive: keyboard_tray
07:19:54 | INFO: Primitives created: 1
07:19:54 | INFO: Extracting primitive: lid_bezel
07:19:54 | INFO: Primitives created: 1
07:19:54 | INFO: Extracting primitive: lid_shell
07:19:54 | INFO: Primitives created: 1
07:19:54 | INFO: Extracting primitive: screen.001
07:19:54 | INFO: Primitives created: 1
07:19:54 | INFO: Extracting primitive: trackpad
07:19:54 | INFO: Primitives created: 1
07:19:54 | INFO: Extracting primitive: trackpad_border
07:19:54 | INFO: Primitives created: 1
07:19:54 | INFO: Finished glTF 2.0 export in 0.10838913917541504 s
Fra:1 Mem:18.68M (Peak 18.68M) | Time:00:00.00 | Mem:0.00M, Peak:0.00M | Scene, ViewLayer | Synchronizing object | base
Fra:1 Mem:18.68M (Peak 18.68M) | Time:00:00.00 | Mem:0.00M, Peak:0.00M | Scene, ViewLayer | Synchronizing object | key_0_0
Fra:1 Mem:18.70M (Peak 18.70M) | Time:00:00.00 | Mem:0.00M, Peak:0.00M | Scene, ViewLayer | Synchronizing object | key_0_1
Fra:1 Mem:18.71M (Peak 18.71M) | Time:00:00.00 | Mem:0.00M, Peak:0.00M | Scene, ViewLayer | Synchronizing object | key_0_3
Fra:1 Mem:18.71M (Peak 18.71M) | Time:00:00.00 | Mem:0.00M, Peak:0.00M | Scene, ViewLayer | Synchronizing object | key_0_4
Fra:1 Mem:18.72M (Peak 18.72M) | Time:00:00.00 | Mem:0.00M, Peak:0.00M | Scene, ViewLayer | Synchronizing object | key_0_6
Fra:1 Mem:18.73M (Peak 18.73M) | Time:00:00.00 | Mem:0.00M, Peak:0.00M | Scene, ViewLayer | Synchronizing object | key_0_7
Fra:1 Mem:18.76M (Peak 18.76M) | Time:00:00.00 | Mem:0.00M, Peak:0.00M | Scene, ViewLayer | Synchronizing object | key_0_8
Fra:1 Mem:18.76M (Peak 18.76M) | Time:00:00.00 | Mem:0.00M, Peak:0.00M | Scene, ViewLayer | Synchronizing object | key_0_9
Fra:1 Mem:18.78M (Peak 18.78M) | Time:00:00.00 | Mem:0.00M, Peak:0.00M | Scene, ViewLayer | Synchronizing object | key_0_10
Fra:1 Mem:18.78M (Peak 18.78M) | Time:00:00.00 | Mem:0.00M, Peak:0.00M | Scene, ViewLayer | Synchronizing object | key_0_12
Fra:1 Mem:18.80M (Peak 18.80M) | Time:00:00.00 | Mem:0.00M, Peak:0.00M | Scene, ViewLayer | Synchronizing object | key_1_0
Fra:1 Mem:18.81M (Peak 18.81M) | Time:00:00.00 | Mem:0.00M, Peak:0.00M | Scene, ViewLayer | Synchronizing object | key_1_1
Fra:1 Mem:18.82M (Peak 18.82M) | Time:00:00.00 | Mem:0.00M, Peak:0.00M | Scene, ViewLayer | Synchronizing object | key_1_2
Fra:1 Mem:18.82M (Peak 18.82M) | Time:00:00.00 | Mem:0.00M, Peak:0.00M | Scene, ViewLayer | Synchronizing object | key_1_3
Fra:1 Mem:18.83M (Peak 18.83M) | Time:00:00.00 | Mem:0.00M, Peak:0.00M | Scene, ViewLayer | Synchronizing object | key_1_4
Fra:1 Mem:18.83M (Peak 18.83M) | Time:00:00.00 | Mem:0.00M, Peak:0.00M | Scene, ViewLayer | Synchronizing object | key_1_5
Fra:1 Mem:18.84M (Peak 18.84M) | Time:00:00.00 | Mem:0.00M, Peak:0.00M | Scene, ViewLayer | Synchronizing object | key_1_6
Fra:1 Mem:18.86M (Peak 18.86M) | Time:00:00.00 | Mem:0.00M, Peak:0.00M | Scene, ViewLayer | Synchronizing object | key_1_7
Fra:1 Mem:18.86M (Peak 18.86M) | Time:00:00.00 | Mem:0.00M, Peak:0.00M | Scene, ViewLayer | Synchronizing object | key_1_8
Fra:1 Mem:18.87M (Peak 18.87M) | Time:00:00.00 | Mem:0.00M, Peak:0.00M | Scene, ViewLayer | Synchronizing object | key_1_10
Fra:1 Mem:18.88M (Peak 18.88M) | Time:00:00.00 | Mem:0.00M, Peak:0.00M | Scene, ViewLayer | Synchronizing object | key_1_11
Fra:1 Mem:18.88M (Peak 18.88M) | Time:00:00.00 | Mem:0.00M, Peak:0.00M | Scene, ViewLayer | Synchronizing object | key_1_12
Fra:1 Mem:18.90M (Peak 18.90M) | Time:00:00.00 | Mem:0.00M, Peak:0.00M | Scene, ViewLayer | Synchronizing object | key_1_13
Fra:1 Mem:18.91M (Peak 18.92M) | Time:00:00.00 | Mem:0.00M, Peak:0.00M | Scene, ViewLayer | Synchronizing object | key_2_1
Fra:1 Mem:18.94M (Peak 18.94M) | Time:00:00.00 | Mem:0.00M, Peak:0.00M | Scene, ViewLayer | Synchronizing object | key_2_2
Fra:1 Mem:18.95M (Peak 18.95M) | Time:00:00.00 | Mem:0.00M, Peak:0.00M | Scene, ViewLayer | Synchronizing object | key_2_3
Fra:1 Mem:18.96M (Peak 18.96M) | Time:00:00.00 | Mem:0.00M, Peak:0.00M | Scene, ViewLayer | Synchronizing object | key_2_7
Fra:1 Mem:18.97M (Peak 18.97M) | Time:00:00.00 | Mem:0.00M, Peak:0.00M | Scene, ViewLayer | Synchronizing object | key_2_9
Fra:1 Mem:18.97M (Peak 18.97M) | Time:00:00.00 | Mem:0.00M, Peak:0.00M | Scene, ViewLayer | Synchronizing object | key_2_10
Fra:1 Mem:19.00M (Peak 19.00M) | Time:00:00.00 | Mem:0.00M, Peak:0.00M | Scene, ViewLayer | Synchronizing object | key_2_11
Fra:1 Mem:19.02M (Peak 19.02M) | Time:00:00.00 | Mem:0.00M, Peak:0.00M | Scene, ViewLayer | Synchronizing object | key_2_12
Fra:1 Mem:19.02M (Peak 19.02M) | Time:00:00.00 | Mem:0.00M, Peak:0.00M | Scene, ViewLayer | Synchronizing object | key_2_13
Fra:1 Mem:19.03M (Peak 19.03M) | Time:00:00.00 | Mem:0.00M, Peak:0.00M | Scene, ViewLayer | Synchronizing object | key_3_1
Fra:1 Mem:19.03M (Peak 19.03M) | Time:00:00.00 | Mem:0.00M, Peak:0.00M | Scene, ViewLayer | Synchronizing object | key_3_2
Fra:1 Mem:19.03M (Peak 19.03M) | Time:00:00.00 | Mem:0.00M, Peak:0.00M | Scene, ViewLayer | Synchronizing object | key_3_4
Fra:1 Mem:19.06M (Peak 19.06M) | Time:00:00.00 | Mem:0.00M, Peak:0.00M | Scene, ViewLayer | Synchronizing object | key_3_5
Fra:1 Mem:19.07M (Peak 19.07M) | Time:00:00.00 | Mem:0.00M, Peak:0.00M | Scene, ViewLayer | Synchronizing object | key_3_6
Fra:1 Mem:19.08M (Peak 19.08M) | Time:00:00.00 | Mem:0.00M, Peak:0.00M | Scene, ViewLayer | Synchronizing object | key_3_7
Fra:1 Mem:19.07M (Peak 19.08M) | Time:00:00.00 | Mem:0.00M, Peak:0.00M | Scene, ViewLayer | Synchronizing object | key_3_8
Fra:1 Mem:19.10M (Peak 19.10M) | Time:00:00.00 | Mem:0.00M, Peak:0.00M | Scene, ViewLayer | Synchronizing object | key_3_10
Fra:1 Mem:19.10M (Peak 19.10M) | Time:00:00.00 | Mem:0.00M, Peak:0.00M | Scene, ViewLayer | Synchronizing object | key_3_12
Fra:1 Mem:19.12M (Peak 19.12M) | Time:00:00.00 | Mem:0.00M, Peak:0.00M | Scene, ViewLayer | Synchronizing object | rim
Fra:1 Mem:19.12M (Peak 19.12M) | Time:00:00.00 | Mem:0.00M, Peak:0.00M | Scene, ViewLayer | Synchronizing object | key_4_0
Fra:1 Mem:19.13M (Peak 19.13M) | Time:00:00.00 | Mem:0.00M, Peak:0.00M | Scene, ViewLayer | Synchronizing object | fill
Fra:1 Mem:19.12M (Peak 19.13M) | Time:00:00.00 | Mem:0.00M, Peak:0.00M | Scene, ViewLayer | Synchronizing object | key
Fra:1 Mem:19.14M (Peak 19.14M) | Time:00:00.00 | Mem:0.00M, Peak:0.00M | Scene, ViewLayer | Synchronizing object | key_4_3
Fra:1 Mem:19.15M (Peak 19.15M) | Time:00:00.00 | Mem:0.00M, Peak:0.00M | Scene, ViewLayer | Synchronizing object | key_4_4
Fra:1 Mem:19.17M (Peak 19.17M) | Time:00:00.00 | Mem:0.00M, Peak:0.00M | Scene, ViewLayer | Synchronizing object | key_4_5
Fra:1 Mem:19.17M (Peak 19.17M) | Time:00:00.00 | Mem:0.00M, Peak:0.00M | Scene, ViewLayer | Synchronizing object | key_4_8
Fra:1 Mem:19.19M (Peak 19.19M) | Time:00:00.00 | Mem:0.00M, Peak:0.00M | Scene, ViewLayer | Synchronizing object | key_4_9
Fra:1 Mem:19.18M (Peak 19.19M) | Time:00:00.00 | Mem:0.00M, Peak:0.00M | Scene, ViewLayer | Synchronizing object | trackpad_border
Fra:1 Mem:19.23M (Peak 19.23M) | Time:00:00.00 | Mem:0.00M, Peak:0.00M | Scene, ViewLayer | Synchronizing object | trackpad
Fra:1 Mem:19.22M (Peak 19.23M) | Time:00:00.00 | Mem:0.00M, Peak:0.00M | Scene, ViewLayer | Synchronizing object | hinge_left
Fra:1 Mem:19.25M (Peak 19.25M) | Time:00:00.00 | Mem:0.00M, Peak:0.00M | Scene, ViewLayer | Synchronizing object | hinge_right
Fra:1 Mem:19.25M (Peak 19.25M) | Time:00:00.00 | Mem:0.00M, Peak:0.00M | Scene, ViewLayer | Synchronizing object | lid_shell
Fra:1 Mem:19.27M (Peak 19.27M) | Time:00:00.00 | Mem:0.00M, Peak:0.00M | Scene, ViewLayer | Synchronizing object | screen
Fra:1 Mem:19.30M (Peak 19.30M) | Time:00:00.00 | Mem:0.00M, Peak:0.00M | Scene, ViewLayer | Synchronizing object | lid_bezel
Fra:1 Mem:19.36M (Peak 19.36M) | Time:00:00.00 | Mem:0.00M, Peak:0.00M | Scene, ViewLayer | Initializing
Fra:1 Mem:16.66M (Peak 19.36M) | Time:00:00.00 | Mem:0.00M, Peak:0.00M | Scene, ViewLayer | Waiting for render to start
Fra:1 Mem:16.66M (Peak 19.36M) | Time:00:00.00 | Mem:0.00M, Peak:0.00M | Scene, ViewLayer | Updating Scene
Fra:1 Mem:16.66M (Peak 19.36M) | Time:00:00.00 | Mem:0.00M, Peak:0.00M | Scene, ViewLayer | Updating Shaders
Fra:1 Mem:16.66M (Peak 19.36M) | Time:00:00.00 | Mem:0.00M, Peak:0.00M | Scene, ViewLayer | Loading render kernels (may take a few minutes the first time)
Fra:1 Mem:16.74M (Peak 19.36M) | Time:00:00.00 | Mem:0.00M, Peak:0.00M | Scene, ViewLayer | Updating Procedurals
Fra:1 Mem:16.74M (Peak 19.36M) | Time:00:00.00 | Mem:0.00M, Peak:0.00M | Scene, ViewLayer | Updating Background
Fra:1 Mem:16.74M (Peak 19.36M) | Time:00:00.00 | Mem:0.00M, Peak:0.00M | Scene, ViewLayer | Updating Camera
Fra:1 Mem:16.74M (Peak 19.36M) | Time:00:00.00 | Mem:0.00M, Peak:0.00M | Scene, ViewLayer | Updating Meshes Flags
Fra:1 Mem:16.74M (Peak 19.36M) | Time:00:00.00 | Mem:0.00M, Peak:0.00M | Scene, ViewLayer | Updating Objects
Fra:1 Mem:16.74M (Peak 19.36M) | Time:00:00.00 | Mem:0.00M, Peak:0.00M | Scene, ViewLayer | Updating Objects | Copying Transformations to device
Fra:1 Mem:16.76M (Peak 19.36M) | Time:00:00.00 | Mem:0.02M, Peak:0.02M | Scene, ViewLayer | Updating Particle Systems
Fra:1 Mem:16.76M (Peak 19.36M) | Time:00:00.00 | Mem:0.02M, Peak:0.02M | Scene, ViewLayer | Updating Particle Systems | Copying Particles to device
Fra:1 Mem:16.76M (Peak 19.36M) | Time:00:00.00 | Mem:0.02M, Peak:0.02M | Scene, ViewLayer | Updating Meshes
Fra:1 Mem:16.76M (Peak 19.36M) | Time:00:00.00 | Mem:0.02M, Peak:0.02M | Scene, ViewLayer | Updating Objects | Applying Static Transformations
Fra:1 Mem:16.76M (Peak 19.36M) | Time:00:00.00 | Mem:0.02M, Peak:0.02M | Scene, ViewLayer | Updating Mesh | Computing attributes
Fra:1 Mem:16.87M (Peak 19.36M) | Time:00:00.00 | Mem:0.03M, Peak:0.03M | Scene, ViewLayer | Updating Mesh | Copying Attributes to device
Fra:1 Mem:16.87M (Peak 19.36M) | Time:00:00.00 | Mem:0.12M, Peak:0.12M | Scene, ViewLayer | Updating Scene BVH | Building
Fra:1 Mem:16.87M (Peak 19.36M) | Time:00:00.00 | Mem:0.12M, Peak:0.12M | Scene, ViewLayer | Updating Scene BVH | Building BVH
Fra:1 Mem:16.87M (Peak 19.36M) | Time:00:00.00 | Mem:0.63M, Peak:0.63M | Scene, ViewLayer | Updating Scene BVH | Building BVH 0%
Fra:1 Mem:16.87M (Peak 19.36M) | Time:00:00.01 | Mem:1.24M, Peak:1.74M | Scene, ViewLayer | Updating Scene BVH | Copying BVH to device
Fra:1 Mem:16.87M (Peak 19.36M) | Time:00:00.01 | Mem:1.24M, Peak:1.74M | Scene, ViewLayer | Updating Mesh | Computing normals
Fra:1 Mem:17.31M (Peak 19.36M) | Time:00:00.01 | Mem:1.24M, Peak:1.74M | Scene, ViewLayer | Updating Mesh | Copying Mesh to device
Fra:1 Mem:17.31M (Peak 19.36M) | Time:00:00.01 | Mem:1.68M, Peak:1.74M | Scene, ViewLayer | Updating Objects Flags
Fra:1 Mem:17.31M (Peak 19.36M) | Time:00:00.01 | Mem:1.69M, Peak:1.74M | Scene, ViewLayer | Updating Primitive Offsets
Fra:1 Mem:17.31M (Peak 19.36M) | Time:00:00.01 | Mem:1.69M, Peak:1.74M | Scene, ViewLayer | Updating Images
Fra:1 Mem:17.31M (Peak 19.36M) | Time:00:00.01 | Mem:1.69M, Peak:1.74M | Scene, ViewLayer | Updating Camera Volume
Fra:1 Mem:17.31M (Peak 19.36M) | Time:00:00.01 | Mem:1.69M, Peak:1.74M | Scene, ViewLayer | Updating Lookup Tables
Fra:1 Mem:17.31M (Peak 19.36M) | Time:00:00.01 | Mem:1.77M, Peak:1.77M | Scene, ViewLayer | Updating Lights
Fra:1 Mem:17.31M (Peak 19.36M) | Time:00:00.01 | Mem:1.77M, Peak:1.77M | Scene, ViewLayer | Updating Lights | Computing tree
Fra:1 Mem:17.32M (Peak 19.36M) | Time:00:00.01 | Mem:1.77M, Peak:1.77M | Scene, ViewLayer | Updating Integrator
Fra:1 Mem:17.32M (Peak 19.36M) | Time:00:00.01 | Mem:1.77M, Peak:1.77M | Scene, ViewLayer | Updating Film
Fra:1 Mem:17.32M (Peak 19.36M) | Time:00:00.01 | Mem:1.69M, Peak:1.77M | Scene, ViewLayer | Updating Lookup Tables
Fra:1 Mem:17.32M (Peak 19.36M) | Time:00:00.01 | Mem:1.77M, Peak:1.77M | Scene, ViewLayer | Updating Baking
Fra:1 Mem:17.32M (Peak 19.36M) | Time:00:00.01 | Mem:1.77M, Peak:1.77M | Scene, ViewLayer | Updating Device | Writing constant memory
Fra:1 Mem:17.32M (Peak 19.36M) | Time:00:00.01 | Mem:1.77M, Peak:1.77M | Scene, ViewLayer | Sample 0/24
Fra:1 Mem:26.48M (Peak 26.48M) | Time:00:00.06 | Remaining:00:01.24 | Mem:10.77M, Peak:10.77M | Scene, ViewLayer | Sample 1/24
Fra:1 Mem:30.48M (Peak 38.48M) | Time:00:01.37 | Mem:10.77M, Peak:10.77M | Scene, ViewLayer | Sample 24/24
Fra:1 Mem:30.48M (Peak 38.48M) | Time:00:01.37 | Mem:10.77M, Peak:10.77M | Scene, ViewLayer | Finished
Saved: '/workspace/shared/blender-asset-suite/blender-assets/T1-device-mockups/previews/laptop/front.png'
Time: 00:01.39 (Saving: 00:00.02)

Fra:1 Mem:18.68M (Peak 18.68M) | Time:00:00.00 | Mem:0.00M, Peak:0.00M | Scene, ViewLayer | Synchronizing object | base
Fra:1 Mem:18.68M (Peak 18.68M) | Time:00:00.00 | Mem:0.00M, Peak:0.00M | Scene, ViewLayer | Synchronizing object | key_0_1
Fra:1 Mem:18.68M (Peak 18.68M) | Time:00:00.00 | Mem:0.00M, Peak:0.00M | Scene, ViewLayer | Synchronizing object | key_0_2
Fra:1 Mem:18.72M (Peak 18.72M) | Time:00:00.00 | Mem:0.00M, Peak:0.00M | Scene, ViewLayer | Synchronizing object | key_0_4
Fra:1 Mem:18.75M (Peak 18.75M) | Time:00:00.00 | Mem:0.00M, Peak:0.00M | Scene, ViewLayer | Synchronizing object | key_0_6
Fra:1 Mem:18.77M (Peak 18.77M) | Time:00:00.00 | Mem:0.00M, Peak:0.00M | Scene, ViewLayer | Synchronizing object | key_0_8
Fra:1 Mem:18.77M (Peak 18.77M) | Time:00:00.00 | Mem:0.00M, Peak:0.00M | Scene, ViewLayer | Synchronizing object | key_0_9
Fra:1 Mem:18.78M (Peak 18.78M) | Time:00:00.00 | Mem:0.00M, Peak:0.00M | Scene, ViewLayer | Synchronizing object | key_0_11
Fra:1 Mem:18.80M (Peak 18.80M) | Time:00:00.00 | Mem:0.00M, Peak:0.00M | Scene, ViewLayer | Synchronizing object | key_0_12
Fra:1 Mem:18.80M (Peak 18.80M) | Time:00:00.00 | Mem:0.00M, Peak:0.00M | Scene, ViewLayer | Synchronizing object | key_1_0
Fra:1 Mem:18.80M (Peak 18.80M) | Time:00:00.00 | Mem:0.00M, Peak:0.00M | Scene, ViewLayer | Synchronizing object | key_1_1
Fra:1 Mem:18.83M (Peak 18.83M) | Time:00:00.00 | Mem:0.00M, Peak:0.00M | Scene, ViewLayer | Synchronizing object | key_1_2
Fra:1 Mem:18.83M (Peak 18.83M) | Time:00:00.00 | Mem:0.00M, Peak:0.00M | Scene, ViewLayer | Synchronizing object | key_1_3
Fra:1 Mem:18.85M (Peak 18.85M) | Time:00:00.00 | Mem:0.00M, Peak:0.00M | Scene, ViewLayer | Synchronizing object | key_1_4
Fra:1 Mem:18.86M (Peak 18.86M) | Time:00:00.00 | Mem:0.00M, Peak:0.00M | Scene, ViewLayer | Synchronizing object | key_1_6
Fra:1 Mem:18.87M (Peak 18.87M) | Time:00:00.00 | Mem:0.00M, Peak:0.00M | Scene, ViewLayer | Synchronizing object | key_1_7
Fra:1 Mem:18.87M (Peak 18.87M) | Time:00:00.00 | Mem:0.00M, Peak:0.00M | Scene, ViewLayer | Synchronizing object | key_1_8
Fra:1 Mem:18.88M (Peak 18.88M) | Time:00:00.00 | Mem:0.00M, Peak:0.00M | Scene, ViewLayer | Synchronizing object | key_1_9
Fra:1 Mem:18.89M (Peak 18.89M) | Time:00:00.00 | Mem:0.00M, Peak:0.00M | Scene, ViewLayer | Synchronizing object | key_1_11
Fra:1 Mem:18.91M (Peak 18.91M) | Time:00:00.00 | Mem:0.00M, Peak:0.00M | Scene, ViewLayer | Synchronizing object | key_1_12
Fra:1 Mem:18.91M (Peak 18.91M) | Time:00:00.00 | Mem:0.00M, Peak:0.00M | Scene, ViewLayer | Synchronizing object | key_2_0
Fra:1 Mem:18.92M (Peak 18.92M) | Time:00:00.00 | Mem:0.00M, Peak:0.00M | Scene, ViewLayer | Synchronizing object | key_2_1
Fra:1 Mem:18.93M (Peak 18.93M) | Time:00:00.00 | Mem:0.00M, Peak:0.00M | Scene, ViewLayer | Synchronizing object | key_2_2
Fra:1 Mem:18.94M (Peak 18.94M) | Time:00:00.00 | Mem:0.00M, Peak:0.00M | Scene, ViewLayer | Synchronizing object | key_2_3
Fra:1 Mem:18.94M (Peak 18.94M) | Time:00:00.00 | Mem:0.00M, Peak:0.00M | Scene, ViewLayer | Synchronizing object | key_2_4
Fra:1 Mem:18.95M (Peak 18.95M) | Time:00:00.00 | Mem:0.00M, Peak:0.00M | Scene, ViewLayer | Synchronizing object | key_2_5
Fra:1 Mem:18.95M (Peak 18.95M) | Time:00:00.00 | Mem:0.00M, Peak:0.00M | Scene, ViewLayer | Synchronizing object | key_2_6
Fra:1 Mem:18.98M (Peak 18.98M) | Time:00:00.00 | Mem:0.00M, Peak:0.00M | Scene, ViewLayer | Synchronizing object | key_2_7
Fra:1 Mem:19.00M (Peak 19.00M) | Time:00:00.00 | Mem:0.00M, Peak:0.00M | Scene, ViewLayer | Synchronizing object | key_2_8
Fra:1 Mem:19.02M (Peak 19.02M) | Time:00:00.00 | Mem:0.00M, Peak:0.00M | Scene, ViewLayer | Synchronizing object | key_2_9
Fra:1 Mem:19.02M (Peak 19.02M) | Time:00:00.00 | Mem:0.00M, Peak:0.00M | Scene, ViewLayer | Synchronizing object | key_2_10
Fra:1 Mem:19.02M (Peak 19.02M) | Time:00:00.00 | Mem:0.00M, Peak:0.00M | Scene, ViewLayer | Synchronizing object | key_2_11
Fra:1 Mem:19.04M (Peak 19.04M) | Time:00:00.00 | Mem:0.00M, Peak:0.00M | Scene, ViewLayer | Synchronizing object | key_2_12
Fra:1 Mem:19.04M (Peak 19.04M) | Time:00:00.00 | Mem:0.00M, Peak:0.00M | Scene, ViewLayer | Synchronizing object | key_2_13
Fra:1 Mem:19.05M (Peak 19.05M) | Time:00:00.00 | Mem:0.00M, Peak:0.00M | Scene, ViewLayer | Synchronizing object | key_3_0
Fra:1 Mem:19.05M (Peak 19.05M) | Time:00:00.00 | Mem:0.00M, Peak:0.00M | Scene, ViewLayer | Synchronizing object | key_3_3
Fra:1 Mem:19.06M (Peak 19.06M) | Time:00:00.00 | Mem:0.00M, Peak:0.00M | Scene, ViewLayer | Synchronizing object | key_3_4
Fra:1 Mem:19.07M (Peak 19.07M) | Time:00:00.00 | Mem:0.00M, Peak:0.00M | Scene, ViewLayer | Synchronizing object | key_3_6
Fra:1 Mem:19.08M (Peak 19.08M) | Time:00:00.00 | Mem:0.00M, Peak:0.00M | Scene, ViewLayer | Synchronizing object | key_3_7
Fra:1 Mem:19.09M (Peak 19.09M) | Time:00:00.00 | Mem:0.00M, Peak:0.00M | Scene, ViewLayer | Synchronizing object | key_3_8
Fra:1 Mem:19.10M (Peak 19.10M) | Time:00:00.00 | Mem:0.00M, Peak:0.00M | Scene, ViewLayer | Synchronizing object | key_3_9
Fra:1 Mem:19.09M (Peak 19.10M) | Time:00:00.00 | Mem:0.00M, Peak:0.00M | Scene, ViewLayer | Synchronizing object | key_3_10
Fra:1 Mem:19.10M (Peak 19.10M) | Time:00:00.00 | Mem:0.00M, Peak:0.00M | Scene, ViewLayer | Synchronizing object | key_3_11
Fra:1 Mem:19.12M (Peak 19.12M) | Time:00:00.00 | Mem:0.00M, Peak:0.00M | Scene, ViewLayer | Synchronizing object | key_3_12
Fra:1 Mem:19.12M (Peak 19.12M) | Time:00:00.00 | Mem:0.00M, Peak:0.00M | Scene, ViewLayer | Synchronizing object | key_3_13
Fra:1 Mem:19.13M (Peak 19.13M) | Time:00:00.00 | Mem:0.00M, Peak:0.00M | Scene, ViewLayer | Synchronizing object | key_4_1
Fra:1 Mem:19.14M (Peak 19.14M) | Time:00:00.00 | Mem:0.00M, Peak:0.00M | Scene, ViewLayer | Synchronizing object | key_4_2
Fra:1 Mem:19.15M (Peak 19.15M) | Time:00:00.00 | Mem:0.00M, Peak:0.00M | Scene, ViewLayer | Synchronizing object | key_4_3
Fra:1 Mem:19.17M (Peak 19.17M) | Time:00:00.00 | Mem:0.00M, Peak:0.00M | Scene, ViewLayer | Synchronizing object | key_4_5
Fra:1 Mem:19.18M (Peak 19.18M) | Time:00:00.00 | Mem:0.00M, Peak:0.00M | Scene, ViewLayer | Synchronizing object | key_4_6
Fra:1 Mem:19.18M (Peak 19.18M) | Time:00:00.00 | Mem:0.00M, Peak:0.00M | Scene, ViewLayer | Synchronizing object | key_4_7
Fra:1 Mem:19.19M (Peak 19.19M) | Time:00:00.00 | Mem:0.00M, Peak:0.00M | Scene, ViewLayer | Synchronizing object | key_4_9
Fra:1 Mem:19.19M (Peak 19.19M) | Time:00:00.00 | Mem:0.00M, Peak:0.00M | Scene, ViewLayer | Synchronizing object | trackpad_border
Fra:1 Mem:19.22M (Peak 19.22M) | Time:00:00.00 | Mem:0.00M, Peak:0.00M | Scene, ViewLayer | Synchronizing object | trackpad
Fra:1 Mem:19.23M (Peak 19.23M) | Time:00:00.00 | Mem:0.00M, Peak:0.00M | Scene, ViewLayer | Synchronizing object | hinge_left
Fra:1 Mem:19.23M (Peak 19.23M) | Time:00:00.00 | Mem:0.00M, Peak:0.00M | Scene, ViewLayer | Synchronizing object | lid_shell
Fra:1 Mem:19.28M (Peak 19.28M) | Time:00:00.00 | Mem:0.00M, Peak:0.00M | Scene, ViewLayer | Synchronizing object | lid_bezel
Fra:1 Mem:19.33M (Peak 19.33M) | Time:00:00.00 | Mem:0.00M, Peak:0.00M | Scene, ViewLayer | Synchronizing object | screen
Fra:1 Mem:19.37M (Peak 19.37M) | Time:00:00.00 | Mem:0.00M, Peak:0.00M | Scene, ViewLayer | Synchronizing object | key
Fra:1 Mem:19.36M (Peak 19.37M) | Time:00:00.00 | Mem:0.00M, Peak:0.00M | Scene, ViewLayer | Initializing
Fra:1 Mem:16.66M (Peak 19.37M) | Time:00:00.00 | Mem:0.00M, Peak:0.00M | Scene, ViewLayer | Waiting for render to start
Fra:1 Mem:16.66M (Peak 19.37M) | Time:00:00.00 | Mem:0.00M, Peak:0.00M | Scene, ViewLayer | Updating Scene
Fra:1 Mem:16.66M (Peak 19.37M) | Time:00:00.00 | Mem:0.00M, Peak:0.00M | Scene, ViewLayer | Updating Shaders
Fra:1 Mem:16.66M (Peak 19.37M) | Time:00:00.00 | Mem:0.00M, Peak:0.00M | Scene, ViewLayer | Loading render kernels (may take a few minutes the first time)
Fra:1 Mem:16.74M (Peak 19.37M) | Time:00:00.00 | Mem:0.00M, Peak:0.00M | Scene, ViewLayer | Updating Procedurals
Fra:1 Mem:16.74M (Peak 19.37M) | Time:00:00.00 | Mem:0.00M, Peak:0.00M | Scene, ViewLayer | Updating Background
Fra:1 Mem:16.74M (Peak 19.37M) | Time:00:00.00 | Mem:0.00M, Peak:0.00M | Scene, ViewLayer | Updating Camera
Fra:1 Mem:16.74M (Peak 19.37M) | Time:00:00.00 | Mem:0.00M, Peak:0.00M | Scene, ViewLayer | Updating Meshes Flags
Fra:1 Mem:16.74M (Peak 19.37M) | Time:00:00.00 | Mem:0.00M, Peak:0.00M | Scene, ViewLayer | Updating Objects
Fra:1 Mem:16.74M (Peak 19.37M) | Time:00:00.00 | Mem:0.00M, Peak:0.00M | Scene, ViewLayer | Updating Objects | Copying Transformations to device
Fra:1 Mem:16.76M (Peak 19.37M) | Time:00:00.00 | Mem:0.02M, Peak:0.02M | Scene, ViewLayer | Updating Particle Systems
Fra:1 Mem:16.76M (Peak 19.37M) | Time:00:00.00 | Mem:0.02M, Peak:0.02M | Scene, ViewLayer | Updating Particle Systems | Copying Particles to device
Fra:1 Mem:16.76M (Peak 19.37M) | Time:00:00.00 | Mem:0.02M, Peak:0.02M | Scene, ViewLayer | Updating Meshes
Fra:1 Mem:16.76M (Peak 19.37M) | Time:00:00.00 | Mem:0.02M, Peak:0.02M | Scene, ViewLayer | Updating Objects | Applying Static Transformations
Fra:1 Mem:16.76M (Peak 19.37M) | Time:00:00.00 | Mem:0.02M, Peak:0.02M | Scene, ViewLayer | Updating Mesh | Computing attributes
Fra:1 Mem:16.87M (Peak 19.37M) | Time:00:00.00 | Mem:0.03M, Peak:0.03M | Scene, ViewLayer | Updating Mesh | Copying Attributes to device
Fra:1 Mem:16.87M (Peak 19.37M) | Time:00:00.00 | Mem:0.12M, Peak:0.12M | Scene, ViewLayer | Updating Scene BVH | Building
Fra:1 Mem:16.87M (Peak 19.37M) | Time:00:00.00 | Mem:0.12M, Peak:0.12M | Scene, ViewLayer | Updating Scene BVH | Building BVH
Fra:1 Mem:16.87M (Peak 19.37M) | Time:00:00.00 | Mem:0.63M, Peak:0.63M | Scene, ViewLayer | Updating Scene BVH | Building BVH 0%
Fra:1 Mem:16.87M (Peak 19.37M) | Time:00:00.01 | Mem:1.24M, Peak:1.74M | Scene, ViewLayer | Updating Scene BVH | Copying BVH to device
Fra:1 Mem:16.87M (Peak 19.37M) | Time:00:00.01 | Mem:1.24M, Peak:1.74M | Scene, ViewLayer | Updating Mesh | Computing normals
Fra:1 Mem:17.31M (Peak 19.37M) | Time:00:00.01 | Mem:1.24M, Peak:1.74M | Scene, ViewLayer | Updating Mesh | Copying Mesh to device
Fra:1 Mem:17.31M (Peak 19.37M) | Time:00:00.01 | Mem:1.68M, Peak:1.74M | Scene, ViewLayer | Updating Objects Flags
Fra:1 Mem:17.31M (Peak 19.37M) | Time:00:00.01 | Mem:1.69M, Peak:1.74M | Scene, ViewLayer | Updating Primitive Offsets
Fra:1 Mem:17.31M (Peak 19.37M) | Time:00:00.01 | Mem:1.69M, Peak:1.74M | Scene, ViewLayer | Updating Images
Fra:1 Mem:17.31M (Peak 19.37M) | Time:00:00.01 | Mem:1.69M, Peak:1.74M | Scene, ViewLayer | Updating Camera Volume
Fra:1 Mem:17.31M (Peak 19.37M) | Time:00:00.01 | Mem:1.69M, Peak:1.74M | Scene, ViewLayer | Updating Lookup Tables
Fra:1 Mem:17.31M (Peak 19.37M) | Time:00:00.01 | Mem:1.77M, Peak:1.77M | Scene, ViewLayer | Updating Lights
Fra:1 Mem:17.31M (Peak 19.37M) | Time:00:00.01 | Mem:1.77M, Peak:1.77M | Scene, ViewLayer | Updating Lights | Computing tree
Fra:1 Mem:17.32M (Peak 19.37M) | Time:00:00.01 | Mem:1.77M, Peak:1.77M | Scene, ViewLayer | Updating Integrator
Fra:1 Mem:17.32M (Peak 19.37M) | Time:00:00.01 | Mem:1.77M, Peak:1.77M | Scene, ViewLayer | Updating Film
Fra:1 Mem:17.32M (Peak 19.37M) | Time:00:00.01 | Mem:1.69M, Peak:1.77M | Scene, ViewLayer | Updating Lookup Tables
Fra:1 Mem:17.32M (Peak 19.37M) | Time:00:00.01 | Mem:1.77M, Peak:1.77M | Scene, ViewLayer | Updating Baking
Fra:1 Mem:17.32M (Peak 19.37M) | Time:00:00.01 | Mem:1.77M, Peak:1.77M | Scene, ViewLayer | Updating Device | Writing constant memory
Fra:1 Mem:17.32M (Peak 19.37M) | Time:00:00.01 | Mem:1.77M, Peak:1.77M | Scene, ViewLayer | Sample 0/24
Fra:1 Mem:26.48M (Peak 26.48M) | Time:00:00.08 | Remaining:00:01.51 | Mem:10.77M, Peak:10.77M | Scene, ViewLayer | Sample 1/24
Fra:1 Mem:30.48M (Peak 38.48M) | Time:00:01.99 | Mem:10.77M, Peak:10.77M | Scene, ViewLayer | Sample 24/24
Fra:1 Mem:30.48M (Peak 38.48M) | Time:00:01.99 | Mem:10.77M, Peak:10.77M | Scene, ViewLayer | Finished
Saved: '/workspace/shared/blender-asset-suite/blender-assets/T1-device-mockups/previews/laptop/three-quarter.png'
Time: 00:02.02 (Saving: 00:00.03)

Fra:1 Mem:18.68M (Peak 18.68M) | Time:00:00.00 | Mem:0.00M, Peak:0.00M | Scene, ViewLayer | Synchronizing object | base
Fra:1 Mem:18.68M (Peak 18.68M) | Time:00:00.00 | Mem:0.00M, Peak:0.00M | Scene, ViewLayer | Synchronizing object | key_0_1
Fra:1 Mem:18.69M (Peak 18.69M) | Time:00:00.00 | Mem:0.00M, Peak:0.00M | Scene, ViewLayer | Synchronizing object | key_0_3
Fra:1 Mem:18.72M (Peak 18.72M) | Time:00:00.00 | Mem:0.00M, Peak:0.00M | Scene, ViewLayer | Synchronizing object | key_0_4
Fra:1 Mem:18.72M (Peak 18.72M) | Time:00:00.00 | Mem:0.00M, Peak:0.00M | Scene, ViewLayer | Synchronizing object | key_0_5
Fra:1 Mem:18.76M (Peak 18.76M) | Time:00:00.00 | Mem:0.00M, Peak:0.00M | Scene, ViewLayer | Synchronizing object | key_0_6
Fra:1 Mem:18.77M (Peak 18.77M) | Time:00:00.00 | Mem:0.00M, Peak:0.00M | Scene, ViewLayer | Synchronizing object | key_0_7
Fra:1 Mem:18.79M (Peak 18.79M) | Time:00:00.00 | Mem:0.00M, Peak:0.00M | Scene, ViewLayer | Synchronizing object | key_0_10
Fra:1 Mem:18.79M (Peak 18.79M) | Time:00:00.00 | Mem:0.00M, Peak:0.00M | Scene, ViewLayer | Synchronizing object | key_0_11
Fra:1 Mem:18.80M (Peak 18.80M) | Time:00:00.00 | Mem:0.00M, Peak:0.00M | Scene, ViewLayer | Synchronizing object | key_0_13
Fra:1 Mem:18.82M (Peak 18.82M) | Time:00:00.00 | Mem:0.00M, Peak:0.00M | Scene, ViewLayer | Synchronizing object | key_1_1
Fra:1 Mem:18.83M (Peak 18.83M) | Time:00:00.00 | Mem:0.00M, Peak:0.00M | Scene, ViewLayer | Synchronizing object | key_1_2
Fra:1 Mem:18.83M (Peak 18.83M) | Time:00:00.00 | Mem:0.00M, Peak:0.00M | Scene, ViewLayer | Synchronizing object | key_1_4
Fra:1 Mem:18.85M (Peak 18.85M) | Time:00:00.00 | Mem:0.00M, Peak:0.00M | Scene, ViewLayer | Synchronizing object | key_1_5
Fra:1 Mem:18.87M (Peak 18.87M) | Time:00:00.00 | Mem:0.00M, Peak:0.00M | Scene, ViewLayer | Synchronizing object | key_1_7
Fra:1 Mem:18.87M (Peak 18.87M) | Time:00:00.00 | Mem:0.00M, Peak:0.00M | Scene, ViewLayer | Synchronizing object | key_1_8
Fra:1 Mem:18.89M (Peak 18.89M) | Time:00:00.00 | Mem:0.00M, Peak:0.00M | Scene, ViewLayer | Synchronizing object | key_1_9
Fra:1 Mem:18.89M (Peak 18.89M) | Time:00:00.00 | Mem:0.00M, Peak:0.00M | Scene, ViewLayer | Synchronizing object | key_1_10
Fra:1 Mem:18.90M (Peak 18.90M) | Time:00:00.00 | Mem:0.00M, Peak:0.00M | Scene, ViewLayer | Synchronizing object | key_1_11
Fra:1 Mem:18.91M (Peak 18.91M) | Time:00:00.00 | Mem:0.00M, Peak:0.00M | Scene, ViewLayer | Synchronizing object | key_1_12
Fra:1 Mem:18.92M (Peak 18.92M) | Time:00:00.00 | Mem:0.00M, Peak:0.00M | Scene, ViewLayer | Synchronizing object | key_2_0
Fra:1 Mem:18.94M (Peak 18.94M) | Time:00:00.00 | Mem:0.00M, Peak:0.00M | Scene, ViewLayer | Synchronizing object | key_2_1
Fra:1 Mem:18.96M (Peak 18.96M) | Time:00:00.00 | Mem:0.00M, Peak:0.00M | Scene, ViewLayer | Synchronizing object | key_2_2
Fra:1 Mem:18.96M (Peak 18.96M) | Time:00:00.00 | Mem:0.00M, Peak:0.00M | Scene, ViewLayer | Synchronizing object | key_2_4
Fra:1 Mem:18.97M (Peak 18.97M) | Time:00:00.00 | Mem:0.00M, Peak:0.00M | Scene, ViewLayer | Synchronizing object | key_2_6
Fra:1 Mem:18.98M (Peak 18.98M) | Time:00:00.00 | Mem:0.00M, Peak:0.00M | Scene, ViewLayer | Synchronizing object | key_2_7
Fra:1 Mem:19.00M (Peak 19.00M) | Time:00:00.00 | Mem:0.00M, Peak:0.00M | Scene, ViewLayer | Synchronizing object | key_2_9
Fra:1 Mem:19.01M (Peak 19.01M) | Time:00:00.00 | Mem:0.00M, Peak:0.00M | Scene, ViewLayer | Synchronizing object | key_2_10
Fra:1 Mem:19.02M (Peak 19.02M) | Time:00:00.00 | Mem:0.00M, Peak:0.00M | Scene, ViewLayer | Synchronizing object | key_2_11
Fra:1 Mem:19.02M (Peak 19.02M) | Time:00:00.00 | Mem:0.00M, Peak:0.00M | Scene, ViewLayer | Synchronizing object | key_2_12
Fra:1 Mem:19.03M (Peak 19.03M) | Time:00:00.00 | Mem:0.00M, Peak:0.00M | Scene, ViewLayer | Synchronizing object | rim
Fra:1 Mem:19.03M (Peak 19.03M) | Time:00:00.00 | Mem:0.00M, Peak:0.00M | Scene, ViewLayer | Synchronizing object | key_3_1
Fra:1 Mem:19.03M (Peak 19.03M) | Time:00:00.00 | Mem:0.00M, Peak:0.00M | Scene, ViewLayer | Synchronizing object | key_3_2
Fra:1 Mem:19.05M (Peak 19.05M) | Time:00:00.00 | Mem:0.00M, Peak:0.00M | Scene, ViewLayer | Synchronizing object | key_3_3
Fra:1 Mem:19.07M (Peak 19.07M) | Time:00:00.00 | Mem:0.00M, Peak:0.00M | Scene, ViewLayer | Synchronizing object | key_3_4
Fra:1 Mem:19.06M (Peak 19.07M) | Time:00:00.00 | Mem:0.00M, Peak:0.00M | Scene, ViewLayer | Synchronizing object | key_3_5
Fra:1 Mem:19.08M (Peak 19.08M) | Time:00:00.00 | Mem:0.00M, Peak:0.00M | Scene, ViewLayer | Synchronizing object | key_3_7
Fra:1 Mem:19.09M (Peak 19.09M) | Time:00:00.00 | Mem:0.00M, Peak:0.00M | Scene, ViewLayer | Synchronizing object | key
Fra:1 Mem:19.09M (Peak 19.09M) | Time:00:00.00 | Mem:0.00M, Peak:0.00M | Scene, ViewLayer | Synchronizing object | key_3_9
Fra:1 Mem:19.09M (Peak 19.09M) | Time:00:00.00 | Mem:0.00M, Peak:0.00M | Scene, ViewLayer | Synchronizing object | screen
Fra:1 Mem:19.10M (Peak 19.10M) | Time:00:00.00 | Mem:0.00M, Peak:0.00M | Scene, ViewLayer | Synchronizing object | lid_bezel
Fra:1 Mem:19.11M (Peak 19.11M) | Time:00:00.00 | Mem:0.00M, Peak:0.00M | Scene, ViewLayer | Synchronizing object | key_3_10
Fra:1 Mem:19.14M (Peak 19.14M) | Time:00:00.00 | Mem:0.00M, Peak:0.00M | Scene, ViewLayer | Synchronizing object | key_3_11
Fra:1 Mem:19.17M (Peak 19.17M) | Time:00:00.00 | Mem:0.00M, Peak:0.00M | Scene, ViewLayer | Synchronizing object | key_3_12
Fra:1 Mem:19.18M (Peak 19.18M) | Time:00:00.00 | Mem:0.00M, Peak:0.00M | Scene, ViewLayer | Synchronizing object | key_3_13
Fra:1 Mem:19.19M (Peak 19.19M) | Time:00:00.00 | Mem:0.00M, Peak:0.00M | Scene, ViewLayer | Synchronizing object | key_4_0
Fra:1 Mem:19.19M (Peak 19.19M) | Time:00:00.00 | Mem:0.00M, Peak:0.00M | Scene, ViewLayer | Synchronizing object | key_4_3
Fra:1 Mem:19.19M (Peak 19.19M) | Time:00:00.00 | Mem:0.00M, Peak:0.00M | Scene, ViewLayer | Synchronizing object | key_4_4
Fra:1 Mem:19.21M (Peak 19.21M) | Time:00:00.00 | Mem:0.00M, Peak:0.00M | Scene, ViewLayer | Synchronizing object | key_4_5
Fra:1 Mem:19.23M (Peak 19.23M) | Time:00:00.00 | Mem:0.00M, Peak:0.00M | Scene, ViewLayer | Synchronizing object | key_4_6
Fra:1 Mem:19.23M (Peak 19.23M) | Time:00:00.00 | Mem:0.00M, Peak:0.00M | Scene, ViewLayer | Synchronizing object | key_4_8
Fra:1 Mem:19.25M (Peak 19.26M) | Time:00:00.00 | Mem:0.00M, Peak:0.00M | Scene, ViewLayer | Synchronizing object | hinge_right
Fra:1 Mem:19.27M (Peak 19.27M) | Time:00:00.00 | Mem:0.00M, Peak:0.00M | Scene, ViewLayer | Synchronizing object | key_4_9
Fra:1 Mem:19.27M (Peak 19.27M) | Time:00:00.00 | Mem:0.00M, Peak:0.00M | Scene, ViewLayer | Synchronizing object | hinge_left
Fra:1 Mem:19.27M (Peak 19.27M) | Time:00:00.00 | Mem:0.00M, Peak:0.00M | Scene, ViewLayer | Synchronizing object | trackpad
Fra:1 Mem:19.36M (Peak 19.36M) | Time:00:00.00 | Mem:0.00M, Peak:0.00M | Scene, ViewLayer | Initializing
Fra:1 Mem:16.66M (Peak 19.36M) | Time:00:00.00 | Mem:0.00M, Peak:0.00M | Scene, ViewLayer | Waiting for render to start
Fra:1 Mem:16.66M (Peak 19.36M) | Time:00:00.00 | Mem:0.00M, Peak:0.00M | Scene, ViewLayer | Updating Scene
Fra:1 Mem:16.66M (Peak 19.36M) | Time:00:00.00 | Mem:0.00M, Peak:0.00M | Scene, ViewLayer | Updating Shaders
Fra:1 Mem:16.66M (Peak 19.36M) | Time:00:00.00 | Mem:0.00M, Peak:0.00M | Scene, ViewLayer | Loading render kernels (may take a few minutes the first time)
Fra:1 Mem:16.74M (Peak 19.36M) | Time:00:00.00 | Mem:0.00M, Peak:0.00M | Scene, ViewLayer | Updating Procedurals
Fra:1 Mem:16.74M (Peak 19.36M) | Time:00:00.00 | Mem:0.00M, Peak:0.00M | Scene, ViewLayer | Updating Background
Fra:1 Mem:16.74M (Peak 19.36M) | Time:00:00.00 | Mem:0.00M, Peak:0.00M | Scene, ViewLayer | Updating Camera
Fra:1 Mem:16.74M (Peak 19.36M) | Time:00:00.00 | Mem:0.00M, Peak:0.00M | Scene, ViewLayer | Updating Meshes Flags
Fra:1 Mem:16.74M (Peak 19.36M) | Time:00:00.00 | Mem:0.00M, Peak:0.00M | Scene, ViewLayer | Updating Objects
Fra:1 Mem:16.74M (Peak 19.36M) | Time:00:00.00 | Mem:0.00M, Peak:0.00M | Scene, ViewLayer | Updating Objects | Copying Transformations to device
Fra:1 Mem:16.76M (Peak 19.36M) | Time:00:00.00 | Mem:0.02M, Peak:0.02M | Scene, ViewLayer | Updating Particle Systems
Fra:1 Mem:16.76M (Peak 19.36M) | Time:00:00.00 | Mem:0.02M, Peak:0.02M | Scene, ViewLayer | Updating Particle Systems | Copying Particles to device
Fra:1 Mem:16.76M (Peak 19.36M) | Time:00:00.00 | Mem:0.02M, Peak:0.02M | Scene, ViewLayer | Updating Meshes
Fra:1 Mem:16.76M (Peak 19.36M) | Time:00:00.00 | Mem:0.02M, Peak:0.02M | Scene, ViewLayer | Updating Objects | Applying Static Transformations
Fra:1 Mem:16.76M (Peak 19.36M) | Time:00:00.00 | Mem:0.02M, Peak:0.02M | Scene, ViewLayer | Updating Mesh | Computing attributes
Fra:1 Mem:16.87M (Peak 19.36M) | Time:00:00.00 | Mem:0.03M, Peak:0.03M | Scene, ViewLayer | Updating Mesh | Copying Attributes to device
Fra:1 Mem:16.87M (Peak 19.36M) | Time:00:00.00 | Mem:0.12M, Peak:0.12M | Scene, ViewLayer | Updating Scene BVH | Building
Fra:1 Mem:16.87M (Peak 19.36M) | Time:00:00.00 | Mem:0.12M, Peak:0.12M | Scene, ViewLayer | Updating Scene BVH | Building BVH
Fra:1 Mem:16.87M (Peak 19.36M) | Time:00:00.00 | Mem:0.63M, Peak:0.63M | Scene, ViewLayer | Updating Scene BVH | Building BVH 0%
Fra:1 Mem:16.87M (Peak 19.36M) | Time:00:00.01 | Mem:1.24M, Peak:1.74M | Scene, ViewLayer | Updating Scene BVH | Copying BVH to device
Fra:1 Mem:16.87M (Peak 19.36M) | Time:00:00.01 | Mem:1.24M, Peak:1.74M | Scene, ViewLayer | Updating Mesh | Computing normals
Fra:1 Mem:17.31M (Peak 19.36M) | Time:00:00.01 | Mem:1.24M, Peak:1.74M | Scene, ViewLayer | Updating Mesh | Copying Mesh to device
Fra:1 Mem:17.31M (Peak 19.36M) | Time:00:00.01 | Mem:1.68M, Peak:1.74M | Scene, ViewLayer | Updating Objects Flags
Fra:1 Mem:17.31M (Peak 19.36M) | Time:00:00.01 | Mem:1.69M, Peak:1.74M | Scene, ViewLayer | Updating Primitive Offsets
Fra:1 Mem:17.31M (Peak 19.36M) | Time:00:00.01 | Mem:1.69M, Peak:1.74M | Scene, ViewLayer | Updating Images
Fra:1 Mem:17.31M (Peak 19.36M) | Time:00:00.01 | Mem:1.69M, Peak:1.74M | Scene, ViewLayer | Updating Camera Volume
Fra:1 Mem:17.31M (Peak 19.36M) | Time:00:00.01 | Mem:1.69M, Peak:1.74M | Scene, ViewLayer | Updating Lookup Tables
Fra:1 Mem:17.31M (Peak 19.36M) | Time:00:00.01 | Mem:1.77M, Peak:1.77M | Scene, ViewLayer | Updating Lights
Fra:1 Mem:17.31M (Peak 19.36M) | Time:00:00.01 | Mem:1.77M, Peak:1.77M | Scene, ViewLayer | Updating Lights | Computing tree
Fra:1 Mem:17.32M (Peak 19.36M) | Time:00:00.01 | Mem:1.77M, Peak:1.77M | Scene, ViewLayer | Updating Integrator
Fra:1 Mem:17.32M (Peak 19.36M) | Time:00:00.01 | Mem:1.77M, Peak:1.77M | Scene, ViewLayer | Updating Film
Fra:1 Mem:17.32M (Peak 19.36M) | Time:00:00.01 | Mem:1.69M, Peak:1.77M | Scene, ViewLayer | Updating Lookup Tables
Fra:1 Mem:17.32M (Peak 19.36M) | Time:00:00.01 | Mem:1.77M, Peak:1.77M | Scene, ViewLayer | Updating Baking
Fra:1 Mem:17.32M (Peak 19.36M) | Time:00:00.01 | Mem:1.77M, Peak:1.77M | Scene, ViewLayer | Updating Device | Writing constant memory
Fra:1 Mem:17.32M (Peak 19.36M) | Time:00:00.01 | Mem:1.77M, Peak:1.77M | Scene, ViewLayer | Sample 0/24
Fra:1 Mem:26.48M (Peak 26.48M) | Time:00:00.05 | Remaining:00:00.98 | Mem:10.77M, Peak:10.77M | Scene, ViewLayer | Sample 1/24
Fra:1 Mem:30.48M (Peak 38.48M) | Time:00:01.43 | Mem:10.77M, Peak:10.77M | Scene, ViewLayer | Sample 24/24
Fra:1 Mem:30.48M (Peak 38.48M) | Time:00:01.43 | Mem:10.77M, Peak:10.77M | Scene, ViewLayer | Finished
Saved: '/workspace/shared/blender-asset-suite/blender-assets/T1-device-mockups/previews/laptop/back.png'
Time: 00:01.46 (Saving: 00:00.02)

Fra:1 Mem:18.68M (Peak 18.68M) | Time:00:00.01 | Mem:0.00M, Peak:0.00M | Scene, ViewLayer | Synchronizing object | base
Fra:1 Mem:18.68M (Peak 18.68M) | Time:00:00.01 | Mem:0.00M, Peak:0.00M | Scene, ViewLayer | Synchronizing object | key_0_2
Fra:1 Mem:18.70M (Peak 18.70M) | Time:00:00.01 | Mem:0.00M, Peak:0.00M | Scene, ViewLayer | Synchronizing object | key_0_3
Fra:1 Mem:18.73M (Peak 18.73M) | Time:00:00.01 | Mem:0.00M, Peak:0.00M | Scene, ViewLayer | Synchronizing object | key_0_4
Fra:1 Mem:18.74M (Peak 18.74M) | Time:00:00.01 | Mem:0.00M, Peak:0.00M | Scene, ViewLayer | Synchronizing object | key_0_5
Fra:1 Mem:18.74M (Peak 18.74M) | Time:00:00.01 | Mem:0.00M, Peak:0.00M | Scene, ViewLayer | Synchronizing object | key_0_6
Fra:1 Mem:18.75M (Peak 18.75M) | Time:00:00.01 | Mem:0.00M, Peak:0.00M | Scene, ViewLayer | Synchronizing object | key_0_7
Fra:1 Mem:18.76M (Peak 18.76M) | Time:00:00.01 | Mem:0.00M, Peak:0.00M | Scene, ViewLayer | Synchronizing object | key_0_9
Fra:1 Mem:18.77M (Peak 18.77M) | Time:00:00.01 | Mem:0.00M, Peak:0.00M | Scene, ViewLayer | Synchronizing object | key_0_10
Fra:1 Mem:18.78M (Peak 18.78M) | Time:00:00.01 | Mem:0.00M, Peak:0.00M | Scene, ViewLayer | Synchronizing object | key_0_12
Fra:1 Mem:18.78M (Peak 18.78M) | Time:00:00.01 | Mem:0.00M, Peak:0.00M | Scene, ViewLayer | Synchronizing object | key_0_13
Fra:1 Mem:18.79M (Peak 18.79M) | Time:00:00.01 | Mem:0.00M, Peak:0.00M | Scene, ViewLayer | Synchronizing object | key_1_0
Fra:1 Mem:18.80M (Peak 18.80M) | Time:00:00.01 | Mem:0.00M, Peak:0.00M | Scene, ViewLayer | Synchronizing object | key_1_1
Fra:1 Mem:18.80M (Peak 18.80M) | Time:00:00.01 | Mem:0.00M, Peak:0.00M | Scene, ViewLayer | Synchronizing object | key_1_2
Fra:1 Mem:18.82M (Peak 18.82M) | Time:00:00.01 | Mem:0.00M, Peak:0.00M | Scene, ViewLayer | Synchronizing object | key_1_3
Fra:1 Mem:18.84M (Peak 18.84M) | Time:00:00.01 | Mem:0.00M, Peak:0.00M | Scene, ViewLayer | Synchronizing object | key_1_4
Fra:1 Mem:18.86M (Peak 18.86M) | Time:00:00.01 | Mem:0.00M, Peak:0.00M | Scene, ViewLayer | Synchronizing object | key_1_5
Fra:1 Mem:18.86M (Peak 18.86M) | Time:00:00.01 | Mem:0.00M, Peak:0.00M | Scene, ViewLayer | Synchronizing object | key_1_6
Fra:1 Mem:18.89M (Peak 18.89M) | Time:00:00.01 | Mem:0.00M, Peak:0.00M | Scene, ViewLayer | Synchronizing object | key_1_7
Fra:1 Mem:18.90M (Peak 18.90M) | Time:00:00.01 | Mem:0.00M, Peak:0.00M | Scene, ViewLayer | Synchronizing object | key_1_8
Fra:1 Mem:18.90M (Peak 18.90M) | Time:00:00.01 | Mem:0.00M, Peak:0.00M | Scene, ViewLayer | Synchronizing object | key_1_10
Fra:1 Mem:18.90M (Peak 18.90M) | Time:00:00.01 | Mem:0.00M, Peak:0.00M | Scene, ViewLayer | Synchronizing object | key_1_12
Fra:1 Mem:18.91M (Peak 18.91M) | Time:00:00.01 | Mem:0.00M, Peak:0.00M | Scene, ViewLayer | Synchronizing object | key_2_0
Fra:1 Mem:18.93M (Peak 18.93M) | Time:00:00.01 | Mem:0.00M, Peak:0.00M | Scene, ViewLayer | Synchronizing object | key_2_1
Fra:1 Mem:18.95M (Peak 18.95M) | Time:00:00.01 | Mem:0.00M, Peak:0.00M | Scene, ViewLayer | Synchronizing object | key_2_2
Fra:1 Mem:18.95M (Peak 18.95M) | Time:00:00.01 | Mem:0.00M, Peak:0.00M | Scene, ViewLayer | Synchronizing object | key_2_5
Fra:1 Mem:18.95M (Peak 18.95M) | Time:00:00.01 | Mem:0.00M, Peak:0.00M | Scene, ViewLayer | Synchronizing object | key_2_6
Fra:1 Mem:18.97M (Peak 18.97M) | Time:00:00.01 | Mem:0.00M, Peak:0.00M | Scene, ViewLayer | Synchronizing object | key_2_7
Fra:1 Mem:18.97M (Peak 18.97M) | Time:00:00.01 | Mem:0.00M, Peak:0.00M | Scene, ViewLayer | Synchronizing object | key_2_8
Fra:1 Mem:18.99M (Peak 18.99M) | Time:00:00.01 | Mem:0.00M, Peak:0.00M | Scene, ViewLayer | Synchronizing object | key_2_9
Fra:1 Mem:18.99M (Peak 18.99M) | Time:00:00.01 | Mem:0.00M, Peak:0.00M | Scene, ViewLayer | Synchronizing object | key_2_10
Fra:1 Mem:19.00M (Peak 19.00M) | Time:00:00.01 | Mem:0.00M, Peak:0.00M | Scene, ViewLayer | Synchronizing object | key_2_11
Fra:1 Mem:19.03M (Peak 19.03M) | Time:00:00.01 | Mem:0.00M, Peak:0.00M | Scene, ViewLayer | Synchronizing object | key_2_12
Fra:1 Mem:19.02M (Peak 19.03M) | Time:00:00.01 | Mem:0.00M, Peak:0.00M | Scene, ViewLayer | Synchronizing object | key_2_13
Fra:1 Mem:19.02M (Peak 19.03M) | Time:00:00.01 | Mem:0.00M, Peak:0.00M | Scene, ViewLayer | Synchronizing object | key_3_0
Fra:1 Mem:19.05M (Peak 19.05M) | Time:00:00.01 | Mem:0.00M, Peak:0.00M | Scene, ViewLayer | Synchronizing object | key_3_1
Fra:1 Mem:19.06M (Peak 19.06M) | Time:00:00.01 | Mem:0.00M, Peak:0.00M | Scene, ViewLayer | Synchronizing object | key_3_2
Fra:1 Mem:19.06M (Peak 19.06M) | Time:00:00.01 | Mem:0.00M, Peak:0.00M | Scene, ViewLayer | Synchronizing object | key_3_5
Fra:1 Mem:19.07M (Peak 19.07M) | Time:00:00.01 | Mem:0.00M, Peak:0.00M | Scene, ViewLayer | Synchronizing object | key_3_6
Fra:1 Mem:19.08M (Peak 19.08M) | Time:00:00.01 | Mem:0.00M, Peak:0.00M | Scene, ViewLayer | Synchronizing object | key_3_7
Fra:1 Mem:19.10M (Peak 19.10M) | Time:00:00.01 | Mem:0.00M, Peak:0.00M | Scene, ViewLayer | Synchronizing object | key_3_8
Fra:1 Mem:19.11M (Peak 19.11M) | Time:00:00.01 | Mem:0.00M, Peak:0.00M | Scene, ViewLayer | Synchronizing object | key_3_9
Fra:1 Mem:19.11M (Peak 19.11M) | Time:00:00.01 | Mem:0.00M, Peak:0.00M | Scene, ViewLayer | Synchronizing object | key_3_10
Fra:1 Mem:19.12M (Peak 19.12M) | Time:00:00.01 | Mem:0.00M, Peak:0.00M | Scene, ViewLayer | Synchronizing object | key_3_12
Fra:1 Mem:19.14M (Peak 19.14M) | Time:00:00.01 | Mem:0.00M, Peak:0.00M | Scene, ViewLayer | Synchronizing object | key_3_13
Fra:1 Mem:19.15M (Peak 19.15M) | Time:00:00.01 | Mem:0.00M, Peak:0.00M | Scene, ViewLayer | Synchronizing object | key_4_0
Fra:1 Mem:19.16M (Peak 19.16M) | Time:00:00.01 | Mem:0.00M, Peak:0.00M | Scene, ViewLayer | Synchronizing object | key_4_2
Fra:1 Mem:19.16M (Peak 19.16M) | Time:00:00.01 | Mem:0.00M, Peak:0.00M | Scene, ViewLayer | Synchronizing object | key_4_4
Fra:1 Mem:19.17M (Peak 19.17M) | Time:00:00.01 | Mem:0.00M, Peak:0.00M | Scene, ViewLayer | Synchronizing object | key_4_5
Fra:1 Mem:19.21M (Peak 19.21M) | Time:00:00.01 | Mem:0.00M, Peak:0.00M | Scene, ViewLayer | Synchronizing object | key_4_6
Fra:1 Mem:19.21M (Peak 19.21M) | Time:00:00.01 | Mem:0.00M, Peak:0.00M | Scene, ViewLayer | Synchronizing object | key_4_7
Fra:1 Mem:19.21M (Peak 19.21M) | Time:00:00.01 | Mem:0.00M, Peak:0.00M | Scene, ViewLayer | Synchronizing object | trackpad_border
Fra:1 Mem:19.22M (Peak 19.22M) | Time:00:00.01 | Mem:0.00M, Peak:0.00M | Scene, ViewLayer | Synchronizing object | trackpad
Fra:1 Mem:19.26M (Peak 19.26M) | Time:00:00.01 | Mem:0.00M, Peak:0.00M | Scene, ViewLayer | Synchronizing object | hinge_right
Fra:1 Mem:19.26M (Peak 19.26M) | Time:00:00.01 | Mem:0.00M, Peak:0.00M | Scene, ViewLayer | Synchronizing object | lid_shell
Fra:1 Mem:19.26M (Peak 19.26M) | Time:00:00.01 | Mem:0.00M, Peak:0.00M | Scene, ViewLayer | Synchronizing object | lid_bezel
Fra:1 Mem:19.32M (Peak 19.32M) | Time:00:00.01 | Mem:0.00M, Peak:0.00M | Scene, ViewLayer | Synchronizing object | key
Fra:1 Mem:19.34M (Peak 19.34M) | Time:00:00.01 | Mem:0.00M, Peak:0.00M | Scene, ViewLayer | Synchronizing object | fill
Fra:1 Mem:19.35M (Peak 19.35M) | Time:00:00.01 | Mem:0.00M, Peak:0.00M | Scene, ViewLayer | Synchronizing object | rim
Fra:1 Mem:19.36M (Peak 19.36M) | Time:00:00.01 | Mem:0.00M, Peak:0.00M | Scene, ViewLayer | Initializing
Fra:1 Mem:16.66M (Peak 19.36M) | Time:00:00.01 | Mem:0.00M, Peak:0.00M | Scene, ViewLayer | Waiting for render to start
Fra:1 Mem:16.66M (Peak 19.36M) | Time:00:00.01 | Mem:0.00M, Peak:0.00M | Scene, ViewLayer | Updating Scene
Fra:1 Mem:16.66M (Peak 19.36M) | Time:00:00.01 | Mem:0.00M, Peak:0.00M | Scene, ViewLayer | Updating Shaders
Fra:1 Mem:16.66M (Peak 19.36M) | Time:00:00.01 | Mem:0.00M, Peak:0.00M | Scene, ViewLayer | Loading render kernels (may take a few minutes the first time)
Fra:1 Mem:16.74M (Peak 19.36M) | Time:00:00.01 | Mem:0.00M, Peak:0.00M | Scene, ViewLayer | Updating Procedurals
Fra:1 Mem:16.74M (Peak 19.36M) | Time:00:00.01 | Mem:0.00M, Peak:0.00M | Scene, ViewLayer | Updating Background
Fra:1 Mem:16.74M (Peak 19.36M) | Time:00:00.01 | Mem:0.00M, Peak:0.00M | Scene, ViewLayer | Updating Camera
Fra:1 Mem:16.74M (Peak 19.36M) | Time:00:00.01 | Mem:0.00M, Peak:0.00M | Scene, ViewLayer | Updating Meshes Flags
Fra:1 Mem:16.74M (Peak 19.36M) | Time:00:00.01 | Mem:0.00M, Peak:0.00M | Scene, ViewLayer | Updating Objects
Fra:1 Mem:16.74M (Peak 19.36M) | Time:00:00.01 | Mem:0.00M, Peak:0.00M | Scene, ViewLayer | Updating Objects | Copying Transformations to device
Fra:1 Mem:16.76M (Peak 19.36M) | Time:00:00.01 | Mem:0.02M, Peak:0.02M | Scene, ViewLayer | Updating Particle Systems
Fra:1 Mem:16.76M (Peak 19.36M) | Time:00:00.01 | Mem:0.02M, Peak:0.02M | Scene, ViewLayer | Updating Particle Systems | Copying Particles to device
Fra:1 Mem:16.76M (Peak 19.36M) | Time:00:00.01 | Mem:0.02M, Peak:0.02M | Scene, ViewLayer | Updating Meshes
Fra:1 Mem:16.76M (Peak 19.36M) | Time:00:00.01 | Mem:0.02M, Peak:0.02M | Scene, ViewLayer | Updating Objects | Applying Static Transformations
Fra:1 Mem:16.76M (Peak 19.36M) | Time:00:00.01 | Mem:0.02M, Peak:0.02M | Scene, ViewLayer | Updating Mesh | Computing attributes
Fra:1 Mem:16.87M (Peak 19.36M) | Time:00:00.02 | Mem:0.03M, Peak:0.03M | Scene, ViewLayer | Updating Mesh | Copying Attributes to device
Fra:1 Mem:16.87M (Peak 19.36M) | Time:00:00.02 | Mem:0.12M, Peak:0.12M | Scene, ViewLayer | Updating Scene BVH | Building
Fra:1 Mem:16.87M (Peak 19.36M) | Time:00:00.02 | Mem:0.12M, Peak:0.12M | Scene, ViewLayer | Updating Scene BVH | Building BVH
Fra:1 Mem:16.87M (Peak 19.36M) | Time:00:00.02 | Mem:0.63M, Peak:0.63M | Scene, ViewLayer | Updating Scene BVH | Building BVH 0%
Fra:1 Mem:16.87M (Peak 19.36M) | Time:00:00.02 | Mem:1.24M, Peak:1.74M | Scene, ViewLayer | Updating Scene BVH | Copying BVH to device
Fra:1 Mem:16.87M (Peak 19.36M) | Time:00:00.02 | Mem:1.24M, Peak:1.74M | Scene, ViewLayer | Updating Mesh | Computing normals
Fra:1 Mem:17.31M (Peak 19.36M) | Time:00:00.02 | Mem:1.24M, Peak:1.74M | Scene, ViewLayer | Updating Mesh | Copying Mesh to device
Fra:1 Mem:17.31M (Peak 19.36M) | Time:00:00.02 | Mem:1.68M, Peak:1.74M | Scene, ViewLayer | Updating Objects Flags
Fra:1 Mem:17.31M (Peak 19.36M) | Time:00:00.02 | Mem:1.69M, Peak:1.74M | Scene, ViewLayer | Updating Primitive Offsets
Fra:1 Mem:17.31M (Peak 19.36M) | Time:00:00.02 | Mem:1.69M, Peak:1.74M | Scene, ViewLayer | Updating Images
Fra:1 Mem:17.31M (Peak 19.36M) | Time:00:00.02 | Mem:1.69M, Peak:1.74M | Scene, ViewLayer | Updating Camera Volume
Fra:1 Mem:17.31M (Peak 19.36M) | Time:00:00.02 | Mem:1.69M, Peak:1.74M | Scene, ViewLayer | Updating Lookup Tables
Fra:1 Mem:17.31M (Peak 19.36M) | Time:00:00.02 | Mem:1.77M, Peak:1.77M | Scene, ViewLayer | Updating Lights
Fra:1 Mem:17.31M (Peak 19.36M) | Time:00:00.02 | Mem:1.77M, Peak:1.77M | Scene, ViewLayer | Updating Lights | Computing tree
Fra:1 Mem:17.32M (Peak 19.36M) | Time:00:00.02 | Mem:1.77M, Peak:1.77M | Scene, ViewLayer | Updating Integrator
Fra:1 Mem:17.32M (Peak 19.36M) | Time:00:00.02 | Mem:1.77M, Peak:1.77M | Scene, ViewLayer | Updating Film
Fra:1 Mem:17.32M (Peak 19.36M) | Time:00:00.02 | Mem:1.69M, Peak:1.77M | Scene, ViewLayer | Updating Lookup Tables
Fra:1 Mem:17.32M (Peak 19.36M) | Time:00:00.02 | Mem:1.77M, Peak:1.77M | Scene, ViewLayer | Updating Baking
Fra:1 Mem:17.32M (Peak 19.36M) | Time:00:00.02 | Mem:1.77M, Peak:1.77M | Scene, ViewLayer | Updating Device | Writing constant memory
Fra:1 Mem:17.32M (Peak 19.36M) | Time:00:00.02 | Mem:1.77M, Peak:1.77M | Scene, ViewLayer | Sample 0/24
Fra:1 Mem:26.48M (Peak 26.48M) | Time:00:00.19 | Remaining:00:03.90 | Mem:10.77M, Peak:10.77M | Scene, ViewLayer | Sample 1/24
Fra:1 Mem:30.48M (Peak 38.48M) | Time:00:02.18 | Mem:10.77M, Peak:10.77M | Scene, ViewLayer | Sample 24/24
Fra:1 Mem:30.48M (Peak 38.48M) | Time:00:02.18 | Mem:10.77M, Peak:10.77M | Scene, ViewLayer | Finished
Saved: '/workspace/shared/blender-asset-suite/blender-assets/T1-device-mockups/previews/laptop/top.png'
Time: 00:02.20 (Saving: 00:00.02)



Blender quit
