INFO Draco mesh compression is available, use library at /workspace/shared/blender-tools/blender-4.5.14-linux-x64/4.5/scripts/addons_core/io_scene_gltf2/libextern_draco.so
07:19:29 | INFO: Starting glTF 2.0 export
07:19:29 | INFO: Extracting primitive: camera_aperture
07:19:29 | INFO: Primitives created: 1
07:19:29 | INFO: Extracting primitive: camera_lens
07:19:29 | INFO: Primitives created: 1
07:19:29 | INFO: Extracting primitive: chassis
07:19:29 | INFO: Primitives created: 1
07:19:29 | INFO: Extracting primitive: display_bezel
07:19:29 | INFO: Primitives created: 1
07:19:29 | INFO: Extracting primitive: power_key
07:19:29 | INFO: Primitives created: 1
07:19:29 | INFO: Extracting primitive: rear_camera
07:19:29 | INFO: Primitives created: 1
07:19:29 | INFO: Extracting primitive: rear_lens
07:19:29 | INFO: Primitives created: 1
07:19:29 | INFO: Extracting primitive: screen
07:19:29 | INFO: Primitives created: 1
07:19:29 | INFO: Extracting primitive: volume_down
07:19:29 | INFO: Primitives created: 1
07:19:29 | INFO: Extracting primitive: volume_up
07:19:29 | INFO: Primitives created: 1
07:19:29 | INFO: Finished glTF 2.0 export in 0.023890018463134766 s

07:19:30 | INFO: Starting glTF 2.0 export
07:19:30 | INFO: Extracting primitive: base
07:19:30 | INFO: Primitives created: 1
07:19:30 | INFO: Extracting primitive: Cylinder
07:19:30 | INFO: Primitives created: 1
07:19:30 | INFO: Extracting primitive: Cylinder.001
07:19:30 | INFO: Primitives created: 1
07:19:30 | INFO: Extracting primitive: key_0_0
07:19:30 | INFO: Primitives created: 1
07:19:30 | INFO: Extracting primitive: key_0_1
07:19:30 | INFO: Primitives created: 1
07:19:30 | INFO: Extracting primitive: key_0_10
07:19:30 | INFO: Primitives created: 1
07:19:30 | INFO: Extracting primitive: key_0_11
07:19:30 | INFO: Primitives created: 1
07:19:30 | INFO: Extracting primitive: key_0_12
07:19:30 | INFO: Primitives created: 1
07:19:30 | INFO: Extracting primitive: key_0_13
07:19:30 | INFO: Primitives created: 1
07:19:30 | INFO: Extracting primitive: key_0_2
07:19:30 | INFO: Primitives created: 1
07:19:30 | INFO: Extracting primitive: key_0_3
07:19:30 | INFO: Primitives created: 1
07:19:30 | INFO: Extracting primitive: key_0_4
07:19:30 | INFO: Primitives created: 1
07:19:30 | INFO: Extracting primitive: key_0_5
07:19:30 | INFO: Primitives created: 1
07:19:30 | INFO: Extracting primitive: key_0_6
07:19:30 | INFO: Primitives created: 1
07:19:30 | INFO: Extracting primitive: key_0_7
07:19:30 | INFO: Primitives created: 1
07:19:30 | INFO: Extracting primitive: key_0_8
07:19:30 | INFO: Primitives created: 1
07:19:30 | INFO: Extracting primitive: key_0_9
07:19:30 | INFO: Primitives created: 1
07:19:30 | INFO: Extracting primitive: key_1_0
07:19:30 | INFO: Primitives created: 1
07:19:30 | INFO: Extracting primitive: key_1_1
07:19:30 | INFO: Primitives created: 1
07:19:30 | INFO: Extracting primitive: key_1_10
07:19:30 | INFO: Primitives created: 1
07:19:30 | INFO: Extracting primitive: key_1_11
07:19:30 | INFO: Primitives created: 1
07:19:30 | INFO: Extracting primitive: key_1_12
07:19:30 | INFO: Primitives created: 1
07:19:30 | INFO: Extracting primitive: key_1_13
07:19:30 | INFO: Primitives created: 1
07:19:30 | INFO: Extracting primitive: key_1_2
07:19:30 | INFO: Primitives created: 1
07:19:30 | INFO: Extracting primitive: key_1_3
07:19:30 | INFO: Primitives created: 1
07:19:30 | INFO: Extracting primitive: key_1_4
07:19:30 | INFO: Primitives created: 1
07:19:30 | INFO: Extracting primitive: key_1_5
07:19:30 | INFO: Primitives created: 1
07:19:30 | INFO: Extracting primitive: key_1_6
07:19:30 | INFO: Primitives created: 1
07:19:30 | INFO: Extracting primitive: key_1_7
07:19:30 | INFO: Primitives created: 1
07:19:30 | INFO: Extracting primitive: key_1_8
07:19:30 | INFO: Primitives created: 1
07:19:30 | INFO: Extracting primitive: key_1_9
07:19:30 | INFO: Primitives created: 1
07:19:30 | INFO: Extracting primitive: key_2_0
07:19:30 | INFO: Primitives created: 1
07:19:30 | INFO: Extracting primitive: key_2_1
07:19:30 | INFO: Primitives created: 1
07:19:30 | INFO: Extracting primitive: key_2_10
07:19:30 | INFO: Primitives created: 1
07:19:30 | INFO: Extracting primitive: key_2_11
07:19:30 | INFO: Primitives created: 1
07:19:30 | INFO: Extracting primitive: key_2_12
07:19:30 | INFO: Primitives created: 1
07:19:30 | INFO: Extracting primitive: key_2_13
07:19:30 | INFO: Primitives created: 1
07:19:30 | INFO: Extracting primitive: key_2_2
07:19:30 | INFO: Primitives created: 1
07:19:30 | INFO: Extracting primitive: key_2_3
07:19:30 | INFO: Primitives created: 1
07:19:30 | INFO: Extracting primitive: key_2_4
07:19:30 | INFO: Primitives created: 1
07:19:30 | INFO: Extracting primitive: key_2_5
07:19:30 | INFO: Primitives created: 1
07:19:30 | INFO: Extracting primitive: key_2_6
07:19:30 | INFO: Primitives created: 1
07:19:30 | INFO: Extracting primitive: key_2_7
07:19:30 | INFO: Primitives created: 1
07:19:30 | INFO: Extracting primitive: key_2_8
07:19:30 | INFO: Primitives created: 1
07:19:30 | INFO: Extracting primitive: key_2_9
07:19:30 | INFO: Primitives created: 1
07:19:30 | INFO: Extracting primitive: key_3_0
07:19:30 | INFO: Primitives created: 1
07:19:30 | INFO: Extracting primitive: key_3_1
07:19:30 | INFO: Primitives created: 1
07:19:30 | INFO: Extracting primitive: key_3_10
07:19:30 | INFO: Primitives created: 1
07:19:30 | INFO: Extracting primitive: key_3_11
07:19:30 | INFO: Primitives created: 1
07:19:30 | INFO: Extracting primitive: key_3_12
07:19:30 | INFO: Primitives created: 1
07:19:30 | INFO: Extracting primitive: key_3_13
07:19:30 | INFO: Primitives created: 1
07:19:30 | INFO: Extracting primitive: key_3_2
07:19:30 | INFO: Primitives created: 1
07:19:30 | INFO: Extracting primitive: key_3_3
07:19:30 | INFO: Primitives created: 1
07:19:30 | INFO: Extracting primitive: key_3_4
07:19:30 | INFO: Primitives created: 1
07:19:30 | INFO: Extracting primitive: key_3_5
07:19:30 | INFO: Primitives created: 1
07:19:30 | INFO: Extracting primitive: key_3_6
07:19:30 | INFO: Primitives created: 1
07:19:30 | INFO: Extracting primitive: key_3_7
07:19:30 | INFO: Primitives created: 1
07:19:30 | INFO: Extracting primitive: key_3_8
07:19:30 | INFO: Primitives created: 1
07:19:30 | INFO: Extracting primitive: key_3_9
07:19:30 | INFO: Primitives created: 1
07:19:30 | INFO: Extracting primitive: key_4_0
07:19:30 | INFO: Primitives created: 1
07:19:30 | INFO: Extracting primitive: key_4_1
07:19:30 | INFO: Primitives created: 1
07:19:30 | INFO: Extracting primitive: key_4_2
07:19:30 | INFO: Primitives created: 1
07:19:30 | INFO: Extracting primitive: key_4_3
07:19:30 | INFO: Primitives created: 1
07:19:30 | INFO: Extracting primitive: key_4_4
07:19:30 | INFO: Primitives created: 1
07:19:30 | INFO: Extracting primitive: key_4_5
07:19:30 | INFO: Primitives created: 1
07:19:30 | INFO: Extracting primitive: key_4_6
07:19:30 | INFO: Primitives created: 1
07:19:30 | INFO: Extracting primitive: key_4_7
07:19:30 | INFO: Primitives created: 1
07:19:30 | INFO: Extracting primitive: key_4_8
07:19:30 | INFO: Primitives created: 1
07:19:30 | INFO: Extracting primitive: key_4_9
07:19:30 | INFO: Primitives created: 1
07:19:30 | INFO: Extracting primitive: keyboard_tray
07:19:30 | INFO: Primitives created: 1
07:19:30 | INFO: Extracting primitive: lid_bezel
07:19:30 | INFO: Primitives created: 1
07:19:30 | INFO: Extracting primitive: lid_shell
07:19:30 | INFO: Primitives created: 1
07:19:30 | INFO: Extracting primitive: screen.001
07:19:30 | INFO: Primitives created: 1
07:19:30 | INFO: Extracting primitive: trackpad
07:19:30 | INFO: Primitives created: 1
07:19:30 | INFO: Extracting primitive: trackpad_border
07:19:30 | INFO: Primitives created: 1
07:19:30 | INFO: Finished glTF 2.0 export in 0.10097146034240723 s

Blender 4.5.14 LTS (hash 62c1db4208e8 built 2026-09-15 01:31:19)

Blender quit
